Archive member included to satisfy reference by file (symbol)

C:/PROGRA~2/ARMGNU~1/14EFD8~1.2RE/bin/../lib/gcc/arm-none-eabi/14.2.1/thumb/v6-m/nofp\libgcc.a(_dvmd_tls.o)
                              CMakeFiles/freertos_raspberry_pico.dir/E_/freertos-awan/pico-sdk/src/rp2_common/pico_divider/divider_hardware.S.obj (__aeabi_idiv0)
C:/PROGRA~2/ARMGNU~1/14EFD8~1.2RE/bin/../lib/gcc/arm-none-eabi/14.2.1/thumb/v6-m/nofp\libg.a(libc_a-calloc.o)
                              CMakeFiles/freertos_raspberry_pico.dir/E_/freertos-awan/pico-sdk/src/rp2_common/pico_malloc/malloc.c.obj (calloc)
C:/PROGRA~2/ARMGNU~1/14EFD8~1.2RE/bin/../lib/gcc/arm-none-eabi/14.2.1/thumb/v6-m/nofp\libg.a(libc_a-callocr.o)
                              C:/PROGRA~2/ARMGNU~1/14EFD8~1.2RE/bin/../lib/gcc/arm-none-eabi/14.2.1/thumb/v6-m/nofp\libg.a(libc_a-calloc.o) (_calloc_r)
C:/PROGRA~2/ARMGNU~1/14EFD8~1.2RE/bin/../lib/gcc/arm-none-eabi/14.2.1/thumb/v6-m/nofp\libg.a(libc_a-malloc.o)
                              CMakeFiles/freertos_raspberry_pico.dir/E_/freertos-awan/pico-sdk/src/rp2_common/pico_malloc/malloc.c.obj (malloc)
C:/PROGRA~2/ARMGNU~1/14EFD8~1.2RE/bin/../lib/gcc/arm-none-eabi/14.2.1/thumb/v6-m/nofp\libg.a(libc_a-mallocr.o)
                              C:/PROGRA~2/ARMGNU~1/14EFD8~1.2RE/bin/../lib/gcc/arm-none-eabi/14.2.1/thumb/v6-m/nofp\libg.a(libc_a-callocr.o) (_malloc_r)
C:/PROGRA~2/ARMGNU~1/14EFD8~1.2RE/bin/../lib/gcc/arm-none-eabi/14.2.1/thumb/v6-m/nofp\libg.a(libc_a-mlock.o)
                              C:/PROGRA~2/ARMGNU~1/14EFD8~1.2RE/bin/../lib/gcc/arm-none-eabi/14.2.1/thumb/v6-m/nofp\libg.a(libc_a-mallocr.o) (__malloc_lock)
C:/PROGRA~2/ARMGNU~1/14EFD8~1.2RE/bin/../lib/gcc/arm-none-eabi/14.2.1/thumb/v6-m/nofp\libg.a(libc_a-realloc.o)
                              CMakeFiles/freertos_raspberry_pico.dir/E_/freertos-awan/pico-sdk/src/rp2_common/pico_malloc/malloc.c.obj (realloc)
C:/PROGRA~2/ARMGNU~1/14EFD8~1.2RE/bin/../lib/gcc/arm-none-eabi/14.2.1/thumb/v6-m/nofp\libg.a(libc_a-reallocr.o)
                              C:/PROGRA~2/ARMGNU~1/14EFD8~1.2RE/bin/../lib/gcc/arm-none-eabi/14.2.1/thumb/v6-m/nofp\libg.a(libc_a-realloc.o) (_realloc_r)
C:/PROGRA~2/ARMGNU~1/14EFD8~1.2RE/bin/../lib/gcc/arm-none-eabi/14.2.1/thumb/v6-m/nofp\libg.a(libc_a-memcmp.o)
                              CMakeFiles/freertos_raspberry_pico.dir/E_/freertos-awan/pico-sdk/src/rp2_common/pico_atomic/atomic.c.obj (memcmp)
C:/PROGRA~2/ARMGNU~1/14EFD8~1.2RE/bin/../lib/gcc/arm-none-eabi/14.2.1/thumb/v6-m/nofp\libg.a(libc_a-memmove.o)
                              C:/PROGRA~2/ARMGNU~1/14EFD8~1.2RE/bin/../lib/gcc/arm-none-eabi/14.2.1/thumb/v6-m/nofp\libg.a(libc_a-reallocr.o) (memmove)
C:/PROGRA~2/ARMGNU~1/14EFD8~1.2RE/bin/../lib/gcc/arm-none-eabi/14.2.1/thumb/v6-m/nofp\libg.a(libc_a-lcltime_r.o)
                              CMakeFiles/freertos_raspberry_pico.dir/E_/freertos-awan/pico-sdk/src/common/pico_util/datetime.c.obj (localtime_r)
C:/PROGRA~2/ARMGNU~1/14EFD8~1.2RE/bin/../lib/gcc/arm-none-eabi/14.2.1/thumb/v6-m/nofp\libg.a(libc_a-mktime.o)
                              CMakeFiles/freertos_raspberry_pico.dir/E_/freertos-awan/pico-sdk/src/common/pico_util/datetime.c.obj (mktime)
C:/PROGRA~2/ARMGNU~1/14EFD8~1.2RE/bin/../lib/gcc/arm-none-eabi/14.2.1/thumb/v6-m/nofp\libg.a(libc_a-month_lengths.o)
                              C:/PROGRA~2/ARMGNU~1/14EFD8~1.2RE/bin/../lib/gcc/arm-none-eabi/14.2.1/thumb/v6-m/nofp\libg.a(libc_a-lcltime_r.o) (__month_lengths)
C:/PROGRA~2/ARMGNU~1/14EFD8~1.2RE/bin/../lib/gcc/arm-none-eabi/14.2.1/thumb/v6-m/nofp\libg.a(libc_a-tzcalc_limits.o)
                              C:/PROGRA~2/ARMGNU~1/14EFD8~1.2RE/bin/../lib/gcc/arm-none-eabi/14.2.1/thumb/v6-m/nofp\libg.a(libc_a-lcltime_r.o) (__tzcalc_limits)
C:/PROGRA~2/ARMGNU~1/14EFD8~1.2RE/bin/../lib/gcc/arm-none-eabi/14.2.1/thumb/v6-m/nofp\libg.a(libc_a-tzlock.o)
                              C:/PROGRA~2/ARMGNU~1/14EFD8~1.2RE/bin/../lib/gcc/arm-none-eabi/14.2.1/thumb/v6-m/nofp\libg.a(libc_a-lcltime_r.o) (__tz_lock)
C:/PROGRA~2/ARMGNU~1/14EFD8~1.2RE/bin/../lib/gcc/arm-none-eabi/14.2.1/thumb/v6-m/nofp\libg.a(libc_a-tzset.o)
                              C:/PROGRA~2/ARMGNU~1/14EFD8~1.2RE/bin/../lib/gcc/arm-none-eabi/14.2.1/thumb/v6-m/nofp\libg.a(libc_a-lcltime_r.o) (_tzset_unlocked)
C:/PROGRA~2/ARMGNU~1/14EFD8~1.2RE/bin/../lib/gcc/arm-none-eabi/14.2.1/thumb/v6-m/nofp\libg.a(libc_a-tzset_r.o)
                              C:/PROGRA~2/ARMGNU~1/14EFD8~1.2RE/bin/../lib/gcc/arm-none-eabi/14.2.1/thumb/v6-m/nofp\libg.a(libc_a-tzset.o) (_tzset_unlocked_r)
C:/PROGRA~2/ARMGNU~1/14EFD8~1.2RE/bin/../lib/gcc/arm-none-eabi/14.2.1/thumb/v6-m/nofp\libg.a(libc_a-tzvars.o)
                              C:/PROGRA~2/ARMGNU~1/14EFD8~1.2RE/bin/../lib/gcc/arm-none-eabi/14.2.1/thumb/v6-m/nofp\libg.a(libc_a-tzset_r.o) (_timezone)
C:/PROGRA~2/ARMGNU~1/14EFD8~1.2RE/bin/../lib/gcc/arm-none-eabi/14.2.1/thumb/v6-m/nofp\libg.a(libc_a-impure.o)
[...]
Memory Configuration

Name             Origin             Length             Attributes
FLASH            0x10000000         0x00200000         xr
RAM              0x20000000         0x00040000         xrw
SCRATCH_X        0x20040000         0x00001000         xrw
SCRATCH_Y        0x20041000         0x00001000         xrw
*default*        0x00000000         0xffffffff

Linker script and memory map

LOAD C:/PROGRA~2/ARMGNU~1/14EFD8~1.2RE/bin/../lib/gcc/arm-none-eabi/14.2.1/thumb/v6-m/nofp/crti.o
LOAD C:/PROGRA~2/ARMGNU~1/14EFD8~1.2RE/bin/../lib/gcc/arm-none-eabi/14.2.1/thumb/v6-m/nofp/crtbegin.o
LOAD C:/PROGRA~2/ARMGNU~1/14EFD8~1.2RE/bin/../lib/gcc/arm-none-eabi/14.2.1/thumb/v6-m/nofp/crt0.o

.flash_begin    0x10000000        0x0
                0x10000000                        __flash_binary_start = .

.boot2          0x10000000      0x100
                0x10000000                        __boot2_start__ = .
 *(.boot2)
 .boot2         0x10000000      0x100 ..\pico-sdk\src\rp2040\boot_stage2\CMakeFiles\bs2_default_library.dir\bs2_default_padded_checksummed.S.obj
                0x10000100                        __boot2_end__ = .
                0x00000001                        ASSERT (((__boot2_end__ - __boot2_start__) == 0x100), ERROR: Pico second stage bootloader must be 256 bytes in size)

.text           0x10000100     0x6eb0
                0x10000100                        __logical_binary_start = .
 *(.vectors)
 .vectors       0x10000100       0xd4 CMakeFiles/freertos_raspberry_pico.dir/E_/freertos-awan/pico-sdk/src/rp2_common/pico_crt0/crt0.S.obj
                0x10000100                __VECTOR_TABLE
                0x10000100                __vectors
                0x100001c0                isr_invalid
                0x100001c0                __default_isrs_start
                0x100001c2                isr_nmi
                0x100001c4                isr_hardfault
                0x100001c6                isr_svcall
                0x100001c8                isr_pendsv
                0x100001ca                isr_systick
                0x100001cc                isr_irq23
                0x100001cc                isr_irq18
                0x100001cc                isr_irq11
                0x100001cc                isr_irq28
                0x100001cc                isr_irq19
                0x100001cc                isr_irq0
                0x100001cc                isr_irq6
                0x100001cc                isr_irq5
                0x100001cc                isr_irq12
                0x100001cc                isr_irq22
                0x100001cc                isr_irq31
                0x100001cc                isr_irq17
                0x100001cc                isr_irq27
                0x100001cc                isr_irq30
                0x100001cc                isr_irq2
                0x100001cc                isr_irq10
                0x100001cc                isr_irq8
                0x100001cc                isr_irq24
                0x100001cc                isr_irq1
                0x100001cc                isr_irq7
                0x100001cc                isr_irq21
                0x100001cc                isr_irq20
                0x100001cc                isr_irq15
                0x100001cc                isr_irq25
                0x100001cc                isr_irq13
                0x100001cc                __unhandled_user_irq
                0x100001cc                isr_irq4
                0x100001cc                isr_irq16
                0x100001cc                isr_irq29
                0x100001cc                isr_irq26
                0x100001cc                __default_isrs_end
                0x100001cc                isr_irq3
                0x100001cc                isr_irq14
                0x100001cc                isr_irq9
                0x100001d2                unhandled_user_irq_num_in_r0
 *(.binary_info_header)
 .binary_info_header
                0x100001d4       0x14 CMakeFiles/freertos_raspberry_pico.dir/E_/freertos-awan/pico-sdk/src/rp2_common/pico_crt0/crt0.S.obj
                0x100001e8                        __binary_info_header_end = .
 *(.embedded_block)
                0x100001e8                        __embedded_block_end = .
 *(.reset)
 .reset         0x100001e8       0x9c CMakeFiles/freertos_raspberry_pico.dir/E_/freertos-awan/pico-sdk/src/rp2_common/pico_crt0/crt0.S.obj
                0x100001e8                _entry_point
 *(.init)
 .init          0x10000284        0x4 C:/PROGRA~2/ARMGNU~1/14EFD8~1.2RE/bin/../lib/gcc/arm-none-eabi/14.2.1/thumb/v6-m/nofp/crti.o
                0x10000284                _init
 *(EXCLUDE_FILE(*libm.a: *libc.a:*lib_a-mem*.o *libgcc.a:) .text*)
 .text.register_tm_clones
                0x10000288       0x28 C:/PROGRA~2/ARMGNU~1/14EFD8~1.2RE/bin/../lib/gcc/arm-none-eabi/14.2.1/thumb/v6-m/nofp/crtbegin.o
 .text.frame_dummy
                0x100002b0       0x24 C:/PROGRA~2/ARMGNU~1/14EFD8~1.2RE/bin/../lib/gcc/arm-none-eabi/14.2.1/thumb/v6-m/nofp/crtbegin.o
 .text.led_task
                0x100002d4       0x24 CMakeFiles/freertos_raspberry_pico.dir/main.c.obj
                0x100002d4                led_task
 .text.startup.main
                0x100002f8       0x50 CMakeFiles/freertos_raspberry_pico.dir/main.c.obj
                0x100002f8                main
 .text.gpio_set_function
                0x10000348       0x34 CMakeFiles/freertos_raspberry_pico.dir/E_/freertos-awan/pico-sdk/src/rp2_common/hardware_gpio/gpio.c.obj
                0x10000348                gpio_set_function
 .text.gpio_init
                0x1000037c       0x40 CMakeFiles/freertos_raspberry_pico.dir/E_/freertos-awan/pico-sdk/src/rp2_common/hardware_gpio/gpio.c.obj
                0x1000037c                gpio_init
 .text.rp2040_chip_version
                0x100003bc        0xc CMakeFiles/freertos_raspberry_pico.dir/E_/freertos-awan/pico-sdk/src/rp2040/pico_platform/platform.c.obj
                0x100003bc                rp2040_chip_version
 .text.panic    0x100003c8       0x30 CMakeFiles/freertos_raspberry_pico.dir/E_/freertos-awan/pico-sdk/src/rp2_common/pico_platform_panic/panic.c.obj
                0x100003c8                panic
 .text.panic_unsupported
                0x100003f8        0xc CMakeFiles/freertos_raspberry_pico.dir/E_/freertos-awan/pico-sdk/src/rp2_common/pico_platform_panic/panic.c.obj
                0x100003f8                panic_unsupported
 .text.hw_claim_or_assert
                0x10000404       0x44 CMakeFiles/freertos_raspberry_pico.dir/E_/freertos-awan/pico-sdk/src/common/hardware_claim/claim.c.obj
                0x10000404                hw_claim_or_assert
 .text.hw_claim_unused_from_range
                0x10000448       0x88 CMakeFiles/freertos_raspberry_pico.dir/E_/freertos-awan/pico-sdk/src/common/hardware_claim/claim.c.obj
                0x10000448                hw_claim_unused_from_range
 .text.next_striped_spin_lock_num
                0x100004d0       0x18 CMakeFiles/freertos_raspberry_pico.dir/E_/freertos-awan/pico-sdk/src/rp2_common/hardware_sync/sync.c.obj
                0x100004d0                next_striped_spin_lock_num
 .text.spin_lock_claim_unused
                0x100004e8       0x24 CMakeFiles/freertos_raspberry_pico.dir/E_/freertos-awan/pico-sdk/src/rp2_common/hardware_sync/sync.c.obj
                0x100004e8                spin_lock_claim_unused
 .text.spin_locks_reset
                0x1000050c       0x1c CMakeFiles/freertos_raspberry_pico.dir/E_/freertos-awan/pico-sdk/src/rp2_common/hardware_sync_spin_lock/sync_spin_lock.c.obj
                0x1000050c                spin_locks_reset
 .text.runtime_init_per_core_irq_priorities
                0x10000528       0x24 CMakeFiles/freertos_raspberry_pico.dir/E_/freertos-awan/pico-sdk/src/rp2_common/hardware_irq/irq.c.obj
                0x10000528                runtime_init_per_core_irq_priorities
 .text.irq_set_enabled
                0x1000054c       0x24 CMakeFiles/freertos_raspberry_pico.dir/E_/freertos-awan/pico-sdk/src/rp2_common/hardware_irq/irq.c.obj
                0x1000054c                irq_set_enabled
 .text.irq_is_enabled
                0x10000570       0x18 CMakeFiles/freertos_raspberry_pico.dir/E_/freertos-awan/pico-sdk/src/rp2_common/hardware_irq/irq.c.obj
                0x10000570                irq_is_enabled
 .text.irq_set_pending
                0x10000588       0x10 CMakeFiles/freertos_raspberry_pico.dir/E_/freertos-awan/pico-sdk/src/rp2_common/hardware_irq/irq.c.obj
                0x10000588                irq_set_pending
 .text.irq_has_shared_handler
                0x10000598       0x24 CMakeFiles/freertos_raspberry_pico.dir/E_/freertos-awan/pico-sdk/src/rp2_common/hardware_irq/irq.c.obj
                0x10000598                irq_has_shared_handler
 .text.irq_set_exclusive_handler
                0x100005bc       0x54 CMakeFiles/freertos_raspberry_pico.dir/E_/freertos-awan/pico-sdk/src/rp2_common/hardware_irq/irq.c.obj
                0x100005bc                irq_set_exclusive_handler
 .text.irq_add_shared_handler
                0x10000610      0x1f4 CMakeFiles/freertos_raspberry_pico.dir/E_/freertos-awan/pico-sdk/src/rp2_common/hardware_irq/irq.c.obj
                0x10000610                irq_add_shared_handler
 .text.irq_remove_handler
                0x10000804      0x1d4 CMakeFiles/freertos_raspberry_pico.dir/E_/freertos-awan/pico-sdk/src/rp2_common/hardware_irq/irq.c.obj
                0x10000804                irq_remove_handler
 .text.irq_set_priority
                0x100009d8       0x28 CMakeFiles/freertos_raspberry_pico.dir/E_/freertos-awan/pico-sdk/src/rp2_common/hardware_irq/irq.c.obj
                0x100009d8                irq_set_priority
 .text.irq_add_tail_to_free_list
                0x10000a00       0xb4 CMakeFiles/freertos_raspberry_pico.dir/E_/freertos-awan/pico-sdk/src/rp2_common/hardware_irq/irq.c.obj
                0x10000a00                irq_add_tail_to_free_list
 .text.user_irq_claim_unused
                0x10000ab4       0x2c CMakeFiles/freertos_raspberry_pico.dir/E_/freertos-awan/pico-sdk/src/rp2_common/hardware_irq/irq.c.obj
                0x10000ab4                user_irq_claim_unused
 .text.lock_init
                0x10000ae0       0x10 CMakeFiles/freertos_raspberry_pico.dir/E_/freertos-awan/pico-sdk/src/common/pico_sync/lock_core.c.obj
                0x10000ae0                lock_init
 .text.runtime_init_mutex
                0x10000af0       0x54 CMakeFiles/freertos_raspberry_pico.dir/E_/freertos-awan/pico-sdk/src/common/pico_sync/mutex.c.obj
                0x10000af0                runtime_init_mutex
 .text.mutex_init
                0x10000b44       0x1c CMakeFiles/freertos_raspberry_pico.dir/E_/freertos-awan/pico-sdk/src/common/pico_sync/mutex.c.obj
                0x10000b44                mutex_init
 .text.critical_section_init
                0x10000b60       0x1c CMakeFiles/freertos_raspberry_pico.dir/E_/freertos-awan/pico-sdk/src/common/pico_sync/critical_section.c.obj
                0x10000b60                critical_section_init
 .text.critical_section_init_with_lock_num
                0x10000b7c       0x14 CMakeFiles/freertos_raspberry_pico.dir/E_/freertos-awan/pico-sdk/src/common/pico_sync/critical_section.c.obj
                0x10000b7c                critical_section_init_with_lock_num
 .text.alarm_pool_irq_handler
                0x10000b90      0x300 CMakeFiles/freertos_raspberry_pico.dir/E_/freertos-awan/pico-sdk/src/common/pico_time/time.c.obj
 .text.sleep_until_callback
                0x10000e90       0x24 CMakeFiles/freertos_raspberry_pico.dir/E_/freertos-awan/pico-sdk/src/common/pico_time/time.c.obj
 .text.runtime_init_default_alarm_pool
                0x10000eb4       0xdc CMakeFiles/freertos_raspberry_pico.dir/E_/freertos-awan/pico-sdk/src/common/pico_time/time.c.obj
                0x10000eb4                runtime_init_default_alarm_pool
 .text.alarm_pool_get_default
                0x10000f90        0x8 CMakeFiles/freertos_raspberry_pico.dir/E_/freertos-awan/pico-sdk/src/common/pico_time/time.c.obj
                0x10000f90                alarm_pool_get_default
 .text.alarm_pool_add_alarm_at
                0x10000f98       0xd0 CMakeFiles/freertos_raspberry_pico.dir/E_/freertos-awan/pico-sdk/src/common/pico_time/time.c.obj
                0x10000f98                alarm_pool_add_alarm_at
 .text.alarm_pool_add_alarm_at_force_in_context
                0x10001068       0xb0 CMakeFiles/freertos_raspberry_pico.dir/E_/freertos-awan/pico-sdk/src/common/pico_time/time.c.obj
                0x10001068                alarm_pool_add_alarm_at_force_in_context
 .text.alarm_pool_cancel_alarm
                0x10001118       0x74 CMakeFiles/freertos_raspberry_pico.dir/E_/freertos-awan/pico-sdk/src/common/pico_time/time.c.obj
                0x10001118                alarm_pool_cancel_alarm
 .text.alarm_pool_core_num
                0x1000118c        0x4 CMakeFiles/freertos_raspberry_pico.dir/E_/freertos-awan/pico-sdk/src/common/pico_time/time.c.obj
                0x1000118c                alarm_pool_core_num
 .text.best_effort_wfe_or_timeout
                0x10001190      0x10c CMakeFiles/freertos_raspberry_pico.dir/E_/freertos-awan/pico-sdk/src/common/pico_time/time.c.obj
                0x10001190                best_effort_wfe_or_timeout
 .text.timer_hardware_alarm_claim
                0x1000129c       0x14 CMakeFiles/freertos_raspberry_pico.dir/E_/freertos-awan/pico-sdk/src/rp2_common/hardware_timer/timer.c.obj
                0x1000129c                timer_hardware_alarm_claim
 .text.timer_time_us_64
                0x100012b0       0x10 CMakeFiles/freertos_raspberry_pico.dir/E_/freertos-awan/pico-sdk/src/rp2_common/hardware_timer/timer.c.obj
                0x100012b0                timer_time_us_64
 .text.time_us_64
                0x100012c0       0x14 CMakeFiles/freertos_raspberry_pico.dir/E_/freertos-awan/pico-sdk/src/rp2_common/hardware_timer/timer.c.obj
                0x100012c0                time_us_64
 .text.busy_wait_us
                0x100012d4       0x68 CMakeFiles/freertos_raspberry_pico.dir/E_/freertos-awan/pico-sdk/src/rp2_common/hardware_timer/timer.c.obj
                0x100012d4                busy_wait_us
 .text.uart_init
                0x1000133c      0x120 CMakeFiles/freertos_raspberry_pico.dir/E_/freertos-awan/pico-sdk/src/rp2_common/hardware_uart/uart.c.obj
                0x1000133c                uart_init
 .text.clock_configure_int_divider
                0x1000145c       0xf4 CMakeFiles/freertos_raspberry_pico.dir/E_/freertos-awan/pico-sdk/src/rp2_common/hardware_clocks/clocks.c.obj
                0x1000145c                clock_configure_int_divider
 .text.clock_configure_undivided
                0x10001550       0xe8 CMakeFiles/freertos_raspberry_pico.dir/E_/freertos-awan/pico-sdk/src/rp2_common/hardware_clocks/clocks.c.obj
                0x10001550                clock_configure_undivided
 .text.clock_get_hz
                0x10001638        0xc CMakeFiles/freertos_raspberry_pico.dir/E_/freertos-awan/pico-sdk/src/rp2_common/hardware_clocks/clocks.c.obj
                0x10001638                clock_get_hz
 .text.pll_init
                0x10001644       0xa4 CMakeFiles/freertos_raspberry_pico.dir/E_/freertos-awan/pico-sdk/src/rp2_common/hardware_pll/pll.c.obj
                0x10001644                pll_init
 .text.watchdog_reboot
                0x100016e8       0x9c CMakeFiles/freertos_raspberry_pico.dir/E_/freertos-awan/pico-sdk/src/rp2_common/hardware_watchdog/watchdog.c.obj
                0x100016e8                watchdog_reboot
 .text.tick_start
                0x10001784       0x10 CMakeFiles/freertos_raspberry_pico.dir/E_/freertos-awan/pico-sdk/src/rp2_common/hardware_ticks/ticks.c.obj
                0x10001784                tick_start
 .text.rom_func_lookup
                0x10001794       0x10 CMakeFiles/freertos_raspberry_pico.dir/E_/freertos-awan/pico-sdk/src/rp2_common/pico_bootrom/bootrom.c.obj
                0x10001794                rom_func_lookup
 .text.rom_data_lookup
                0x100017a4       0x10 CMakeFiles/freertos_raspberry_pico.dir/E_/freertos-awan/pico-sdk/src/rp2_common/pico_bootrom/bootrom.c.obj
                0x100017a4                rom_data_lookup
 .text.rom_funcs_lookup
                0x100017b4       0x44 CMakeFiles/freertos_raspberry_pico.dir/E_/freertos-awan/pico-sdk/src/rp2_common/pico_bootrom/bootrom.c.obj
                0x100017b4                rom_funcs_lookup
 .text.rom_reset_usb_boot_extra
                0x100017f8       0x24 CMakeFiles/freertos_raspberry_pico.dir/E_/freertos-awan/pico-sdk/src/rp2_common/pico_bootrom/bootrom.c.obj
                0x100017f8                rom_reset_usb_boot_extra
 .text.xosc_init
                0x1000181c       0x28 CMakeFiles/freertos_raspberry_pico.dir/E_/freertos-awan/pico-sdk/src/rp2_common/hardware_xosc/xosc.c.obj
                0x1000181c                xosc_init
 .text.first_per_core_initializer
                0x10001844        0x4 CMakeFiles/freertos_raspberry_pico.dir/E_/freertos-awan/pico-sdk/src/rp2_common/pico_runtime/runtime.c.obj
 .text.hard_assertion_failure
                0x10001848        0xc CMakeFiles/freertos_raspberry_pico.dir/E_/freertos-awan/pico-sdk/src/rp2_common/pico_runtime/runtime.c.obj
                0x10001848                hard_assertion_failure
 .text.runtime_run_initializers
                0x10001854       0x28 CMakeFiles/freertos_raspberry_pico.dir/E_/freertos-awan/pico-sdk/src/rp2_common/pico_runtime/runtime.c.obj
                0x10001854                runtime_run_initializers
 .text.runtime_init_early_resets
                0x1000187c       0x2c CMakeFiles/freertos_raspberry_pico.dir/E_/freertos-awan/pico-sdk/src/rp2_common/pico_runtime_init/runtime_init.c.obj
                0x1000187c                runtime_init_early_resets
 .text.runtime_init_usb_power_down
                0x100018a8       0x1c CMakeFiles/freertos_raspberry_pico.dir/E_/freertos-awan/pico-sdk/src/rp2_common/pico_runtime_init/runtime_init.c.obj
                0x100018a8                runtime_init_usb_power_down
 .text.runtime_init_post_clock_resets
                0x100018c4       0x20 CMakeFiles/freertos_raspberry_pico.dir/E_/freertos-awan/pico-sdk/src/rp2_common/pico_runtime_init/runtime_init.c.obj
                0x100018c4                runtime_init_post_clock_resets
 .text.runtime_init_rp2040_gpio_ie_disable
                0x100018e4       0x14 CMakeFiles/freertos_raspberry_pico.dir/E_/freertos-awan/pico-sdk/src/rp2_common/pico_runtime_init/runtime_init.c.obj
                0x100018e4                runtime_init_rp2040_gpio_ie_disable
 .text.runtime_init_spin_locks_reset
                0x100018f8        0x8 CMakeFiles/freertos_raspberry_pico.dir/E_/freertos-awan/pico-sdk/src/rp2_common/pico_runtime_init/runtime_init.c.obj
                0x100018f8                runtime_init_spin_locks_reset
 .text.runtime_init_install_ram_vector_table
                0x10001900       0x1c CMakeFiles/freertos_raspberry_pico.dir/E_/freertos-awan/pico-sdk/src/rp2_common/pico_runtime_init/runtime_init.c.obj
                0x10001900                runtime_init_install_ram_vector_table
 .text.runtime_init_clocks
                0x1000191c       0xd8 CMakeFiles/freertos_raspberry_pico.dir/E_/freertos-awan/pico-sdk/src/rp2_common/pico_runtime_init/runtime_init_clocks.c.obj
                0x1000191c                runtime_init_clocks
 .text          0x100019f4       0x10 CMakeFiles/freertos_raspberry_pico.dir/E_/freertos-awan/pico-sdk/src/rp2_common/pico_bit_ops/bit_ops_aeabi.S.obj
 .text.__wrap___aeabi_uidiv
                0x10001a04       0x4c CMakeFiles/freertos_raspberry_pico.dir/E_/freertos-awan/pico-sdk/src/rp2_common/pico_divider/divider_hardware.S.obj
                0x10001a04                __wrap___aeabi_uidiv
                0x10001a04                __wrap___aeabi_uidivmod
                0x10001a04                div_u32u32
                0x10001a04                divmod_u32u32
                0x10001a0c                divmod_u32u32_unsafe
                0x10001a34                divmod_u32u32_savestate
 .text.__wrap___aeabi_ldiv
                0x10001a50      0x424 CMakeFiles/freertos_raspberry_pico.dir/E_/freertos-awan/pico-sdk/src/rp2_common/pico_divider/divider_hardware.S.obj
                0x10001a50                div_s64s64
                0x10001a50                divmod_s64s64
                0x10001a50                __wrap___aeabi_ldivmod
                0x10001a80                divmod_u64u64
                0x10001a80                div_u64u64
                0x10001a80                __wrap___aeabi_uldivmod
                0x10001a90                divmod_u64u64_savestate
                0x10001ab0                divmod_s64s64_unsafe
                0x10001b38                divmod_u64u64_unsafe
 .text.__aeabi_double_init
                0x10001e74       0xa4 CMakeFiles/freertos_raspberry_pico.dir/E_/freertos-awan/pico-sdk/src/rp2_common/pico_double/double_init_rom_rp2040.c.obj
                0x10001e74                __aeabi_double_init
 .text.double_table_shim_on_use_helper
                0x10001f18       0x2c CMakeFiles/freertos_raspberry_pico.dir/E_/freertos-awan/pico-sdk/src/rp2_common/pico_double/double_v1_rom_shim_rp2040.S.obj
                0x10001f18                double_table_shim_on_use_helper
 .text.__aeabi_lmul
                0x10001f44       0x32 CMakeFiles/freertos_raspberry_pico.dir/E_/freertos-awan/pico-sdk/src/rp2_common/pico_int64_ops/pico_int64_ops_aeabi.S.obj
                0x10001f44                __wrap___aeabi_lmul
 *fill*         0x10001f76        0x2 
 .text.__aeabi_float_init
                0x10001f78       0x64 CMakeFiles/freertos_raspberry_pico.dir/E_/freertos-awan/pico-sdk/src/rp2_common/pico_float/float_init_rom_rp2040.c.obj
                0x10001f78                __aeabi_float_init
 .text.float_table_shim_on_use_helper
                0x10001fdc       0x2c CMakeFiles/freertos_raspberry_pico.dir/E_/freertos-awan/pico-sdk/src/rp2_common/pico_float/float_v1_rom_shim_rp2040.S.obj
                0x10001fdc                float_table_shim_on_use_helper
 .text          0x10002008       0x10 CMakeFiles/freertos_raspberry_pico.dir/E_/freertos-awan/pico-sdk/src/rp2_common/pico_mem_ops/mem_ops_aeabi.S.obj
                0x10002008                __aeabi_mem_init
 .text.memset   0x10002018        0xc CMakeFiles/freertos_raspberry_pico.dir/E_/freertos-awan/pico-sdk/src/rp2_common/pico_mem_ops/mem_ops_aeabi.S.obj
                0x10002018                __wrap_memset
 .text.memcpy   0x10002024        0xc CMakeFiles/freertos_raspberry_pico.dir/E_/freertos-awan/pico-sdk/src/rp2_common/pico_mem_ops/mem_ops_aeabi.S.obj
                0x10002024                __wrap_memcpy
                0x10002024                __wrap___aeabi_memcpy
 .text._out_char
                0x10002030       0x10 CMakeFiles/freertos_raspberry_pico.dir/E_/freertos-awan/pico-sdk/src/rp2_common/pico_printf/printf.c.obj
 .text.weak_raw_vprintf
                0x10002040       0x30 CMakeFiles/freertos_raspberry_pico.dir/E_/freertos-awan/pico-sdk/src/rp2_common/pico_printf/printf.c.obj
                0x10002040                weak_raw_vprintf
 .text._exit    0x10002070        0x4 CMakeFiles/freertos_raspberry_pico.dir/E_/freertos-awan/pico-sdk/src/rp2_common/pico_clib_interface/newlib_interface.c.obj
                0x10002070                _exit
 .text.exit     0x10002074        0x8 CMakeFiles/freertos_raspberry_pico.dir/E_/freertos-awan/pico-sdk/src/rp2_common/pico_clib_interface/newlib_interface.c.obj
                0x10002074                exit
 .text.runtime_init
                0x1000207c       0x2c CMakeFiles/freertos_raspberry_pico.dir/E_/freertos-awan/pico-sdk/src/rp2_common/pico_clib_interface/newlib_interface.c.obj
                0x1000207c                runtime_init
 .text.stdio_out_chars_no_crlf
                0x100020a8       0x10 CMakeFiles/freertos_raspberry_pico.dir/E_/freertos-awan/pico-sdk/src/rp2_common/pico_stdio/stdio.c.obj
 .text.stdio_out_chars_crlf
                0x100020b8       0xb0 CMakeFiles/freertos_raspberry_pico.dir/E_/freertos-awan/pico-sdk/src/rp2_common/pico_stdio/stdio.c.obj
 .text.stdio_put_string
                0x10002168       0xfc CMakeFiles/freertos_raspberry_pico.dir/E_/freertos-awan/pico-sdk/src/rp2_common/pico_stdio/stdio.c.obj
                0x10002168                stdio_put_string
 .text.stdio_set_driver_enabled
                0x10002264       0x30 CMakeFiles/freertos_raspberry_pico.dir/E_/freertos-awan/pico-sdk/src/rp2_common/pico_stdio/stdio.c.obj
                0x10002264                stdio_set_driver_enabled
 .text.stdio_init_all
                0x10002294       0x10 CMakeFiles/freertos_raspberry_pico.dir/E_/freertos-awan/pico-sdk/src/rp2_common/pico_stdio/stdio.c.obj
                0x10002294                stdio_init_all
 .text.__wrap_putchar
                0x100022a4       0x94 CMakeFiles/freertos_raspberry_pico.dir/E_/freertos-awan/pico-sdk/src/rp2_common/pico_stdio/stdio.c.obj
                0x100022a4                __wrap_putchar
                0x100022a4                stdio_putchar
 .text.__wrap_puts
                0x10002338       0x3c CMakeFiles/freertos_raspberry_pico.dir/E_/freertos-awan/pico-sdk/src/rp2_common/pico_stdio/stdio.c.obj
                0x10002338                stdio_puts
                0x10002338                __wrap_puts
 .text.stdio_uart_out_chars
                0x10002374       0x4c CMakeFiles/freertos_raspberry_pico.dir/E_/freertos-awan/pico-sdk/src/rp2_common/pico_stdio_uart/stdio_uart.c.obj
 .text.stdio_uart_in_chars
                0x100023c0       0x90 CMakeFiles/freertos_raspberry_pico.dir/E_/freertos-awan/pico-sdk/src/rp2_common/pico_stdio_uart/stdio_uart.c.obj
                0x100023c0                stdio_uart_in_chars
 .text.on_uart_rx
                0x10002450       0x28 CMakeFiles/freertos_raspberry_pico.dir/E_/freertos-awan/pico-sdk/src/rp2_common/pico_stdio_uart/stdio_uart.c.obj
 .text.stdio_uart_out_flush
                0x10002478       0x14 CMakeFiles/freertos_raspberry_pico.dir/E_/freertos-awan/pico-sdk/src/rp2_common/pico_stdio_uart/stdio_uart.c.obj
 .text.stdio_uart_set_chars_available_callback
                0x1000248c       0x84 CMakeFiles/freertos_raspberry_pico.dir/E_/freertos-awan/pico-sdk/src/rp2_common/pico_stdio_uart/stdio_uart.c.obj
 .text.stdio_uart_init
                0x10002510       0x50 CMakeFiles/freertos_raspberry_pico.dir/E_/freertos-awan/pico-sdk/src/rp2_common/pico_stdio_uart/stdio_uart.c.obj
                0x10002510                stdio_uart_init
 .text.resetd_init
                0x10002560        0x4 CMakeFiles/freertos_raspberry_pico.dir/E_/freertos-awan/pico-sdk/src/rp2_common/pico_stdio_usb/reset_interface.c.obj
 .text.resetd_reset
                0x10002564        0xc CMakeFiles/freertos_raspberry_pico.dir/E_/freertos-awan/pico-sdk/src/rp2_common/pico_stdio_usb/reset_interface.c.obj
 .text.resetd_open
                0x10002570       0x28 CMakeFiles/freertos_raspberry_pico.dir/E_/freertos-awan/pico-sdk/src/rp2_common/pico_stdio_usb/reset_interface.c.obj
 .text.resetd_xfer_cb
                0x10002598        0x4 CMakeFiles/freertos_raspberry_pico.dir/E_/freertos-awan/pico-sdk/src/rp2_common/pico_stdio_usb/reset_interface.c.obj
 .text.resetd_control_xfer_cb
                0x1000259c       0x54 CMakeFiles/freertos_raspberry_pico.dir/E_/freertos-awan/pico-sdk/src/rp2_common/pico_stdio_usb/reset_interface.c.obj
 .text.tud_descriptor_bos_cb
                0x100025f0        0x8 CMakeFiles/freertos_raspberry_pico.dir/E_/freertos-awan/pico-sdk/src/rp2_common/pico_stdio_usb/reset_interface.c.obj
                0x100025f0                tud_descriptor_bos_cb
 .text.tud_vendor_control_xfer_cb
                0x100025f8       0x34 CMakeFiles/freertos_raspberry_pico.dir/E_/freertos-awan/pico-sdk/src/rp2_common/pico_stdio_usb/reset_interface.c.obj
                0x100025f8                tud_vendor_control_xfer_cb
 .text.usbd_app_driver_get_cb
                0x1000262c        0xc CMakeFiles/freertos_raspberry_pico.dir/E_/freertos-awan/pico-sdk/src/rp2_common/pico_stdio_usb/reset_interface.c.obj
                0x1000262c                usbd_app_driver_get_cb
 .text.tud_cdc_line_coding_cb
                0x10002638       0x2c CMakeFiles/freertos_raspberry_pico.dir/E_/freertos-awan/pico-sdk/src/rp2_common/pico_stdio_usb/reset_interface.c.obj
                0x10002638                tud_cdc_line_coding_cb
 .text.stdio_usb_set_chars_available_callback
                0x10002664       0x14 CMakeFiles/freertos_raspberry_pico.dir/E_/freertos-awan/pico-sdk/src/rp2_common/pico_stdio_usb/stdio_usb.c.obj
                0x10002664                stdio_usb_set_chars_available_callback
 .text.usb_irq  0x10002678       0x10 CMakeFiles/freertos_raspberry_pico.dir/E_/freertos-awan/pico-sdk/src/rp2_common/pico_stdio_usb/stdio_usb.c.obj
 .text.timer_task
                0x10002688       0x64 CMakeFiles/freertos_raspberry_pico.dir/E_/freertos-awan/pico-sdk/src/rp2_common/pico_stdio_usb/stdio_usb.c.obj
 .text.stdio_usb_in_chars
                0x100026ec       0x8c CMakeFiles/freertos_raspberry_pico.dir/E_/freertos-awan/pico-sdk/src/rp2_common/pico_stdio_usb/stdio_usb.c.obj
                0x100026ec                stdio_usb_in_chars
 .text.stdio_usb_out_flush
                0x10002778       0x4c CMakeFiles/freertos_raspberry_pico.dir/E_/freertos-awan/pico-sdk/src/rp2_common/pico_stdio_usb/stdio_usb.c.obj
 .text.stdio_usb_out_chars
                0x100027c4      0x100 CMakeFiles/freertos_raspberry_pico.dir/E_/freertos-awan/pico-sdk/src/rp2_common/pico_stdio_usb/stdio_usb.c.obj
 .text.low_priority_worker_irq
                0x100028c4       0xc8 CMakeFiles/freertos_raspberry_pico.dir/E_/freertos-awan/pico-sdk/src/rp2_common/pico_stdio_usb/stdio_usb.c.obj
 .text.stdio_usb_init
                0x1000298c       0xe8 CMakeFiles/freertos_raspberry_pico.dir/E_/freertos-awan/pico-sdk/src/rp2_common/pico_stdio_usb/stdio_usb.c.obj
                0x1000298c                stdio_usb_init
 .text.tud_descriptor_device_cb
                0x10002a74        0x8 CMakeFiles/freertos_raspberry_pico.dir/E_/freertos-awan/pico-sdk/src/rp2_common/pico_stdio_usb/stdio_usb_descriptors.c.obj
                0x10002a74                tud_descriptor_device_cb
 .text.tud_descriptor_configuration_cb
                0x10002a7c        0x8 CMakeFiles/freertos_raspberry_pico.dir/E_/freertos-awan/pico-sdk/src/rp2_common/pico_stdio_usb/stdio_usb_descriptors.c.obj
                0x10002a7c                tud_descriptor_configuration_cb
 .text.tud_descriptor_string_cb
                0x10002a84       0x78 CMakeFiles/freertos_raspberry_pico.dir/E_/freertos-awan/pico-sdk/src/rp2_common/pico_stdio_usb/stdio_usb_descriptors.c.obj
                0x10002a84                tud_descriptor_string_cb
 .text.startup._retrieve_unique_id_on_boot
                0x10002afc       0x10 CMakeFiles/freertos_raspberry_pico.dir/E_/freertos-awan/pico-sdk/src/rp2_common/pico_unique_id/unique_id.c.obj
 .text.pico_get_unique_board_id_string
                0x10002b0c      0x1a8 CMakeFiles/freertos_raspberry_pico.dir/E_/freertos-awan/pico-sdk/src/rp2_common/pico_unique_id/unique_id.c.obj
                0x10002b0c                pico_get_unique_board_id_string
 .text.flash_get_unique_id
                0x10002cb4       0x3c CMakeFiles/freertos_raspberry_pico.dir/E_/freertos-awan/pico-sdk/src/rp2_common/hardware_flash/flash.c.obj
                0x10002cb4                flash_get_unique_id
 .text.dcd_init
                0x10002cf0       0x90 CMakeFiles/freertos_raspberry_pico.dir/E_/freertos-awan/pico-sdk/lib/tinyusb/src/portable/raspberrypi/rp2040/dcd_rp2040.c.obj
                0x10002cf0                dcd_init
 .text.dcd_int_enable
                0x10002d80        0xc CMakeFiles/freertos_raspberry_pico.dir/E_/freertos-awan/pico-sdk/lib/tinyusb/src/portable/raspberrypi/rp2040/dcd_rp2040.c.obj
                0x10002d80                dcd_int_enable
 .text.dcd_set_address
                0x10002d8c       0x14 CMakeFiles/freertos_raspberry_pico.dir/E_/freertos-awan/pico-sdk/lib/tinyusb/src/portable/raspberrypi/rp2040/dcd_rp2040.c.obj
                0x10002d8c                dcd_set_address
 .text.dcd_sof_enable
                0x10002da0       0x1c CMakeFiles/freertos_raspberry_pico.dir/E_/freertos-awan/pico-sdk/lib/tinyusb/src/portable/raspberrypi/rp2040/dcd_rp2040.c.obj
                0x10002da0                dcd_sof_enable
 .text.dcd_edpt0_status_complete
                0x10002dbc       0x1c CMakeFiles/freertos_raspberry_pico.dir/E_/freertos-awan/pico-sdk/lib/tinyusb/src/portable/raspberrypi/rp2040/dcd_rp2040.c.obj
                0x10002dbc                dcd_edpt0_status_complete
 .text.dcd_edpt_open
                0x10002dd8      0x114 CMakeFiles/freertos_raspberry_pico.dir/E_/freertos-awan/pico-sdk/lib/tinyusb/src/portable/raspberrypi/rp2040/dcd_rp2040.c.obj
                0x10002dd8                dcd_edpt_open
 .text.dcd_edpt_close_all
                0x10002eec        0x8 CMakeFiles/freertos_raspberry_pico.dir/E_/freertos-awan/pico-sdk/lib/tinyusb/src/portable/raspberrypi/rp2040/dcd_rp2040.c.obj
                0x10002eec                dcd_edpt_close_all
 .text.dcd_edpt_xfer
                0x10002ef4       0x24 CMakeFiles/freertos_raspberry_pico.dir/E_/freertos-awan/pico-sdk/lib/tinyusb/src/portable/raspberrypi/rp2040/dcd_rp2040.c.obj
                0x10002ef4                dcd_edpt_xfer
 .text.dcd_edpt_stall
                0x10002f18       0x3c CMakeFiles/freertos_raspberry_pico.dir/E_/freertos-awan/pico-sdk/lib/tinyusb/src/portable/raspberrypi/rp2040/dcd_rp2040.c.obj
                0x10002f18                dcd_edpt_stall
 .text.dcd_edpt_clear_stall
                0x10002f54       0x30 CMakeFiles/freertos_raspberry_pico.dir/E_/freertos-awan/pico-sdk/lib/tinyusb/src/portable/raspberrypi/rp2040/dcd_rp2040.c.obj
                0x10002f54                dcd_edpt_clear_stall
 .text.rp2040_usb_init
                0x10002f84       0x40 CMakeFiles/freertos_raspberry_pico.dir/E_/freertos-awan/pico-sdk/lib/tinyusb/src/portable/raspberrypi/rp2040/rp2040_usb.c.obj
                0x10002f84                rp2040_usb_init
 .text.hw_endpoint_xfer_start
                0x10002fc4       0x40 CMakeFiles/freertos_raspberry_pico.dir/E_/freertos-awan/pico-sdk/lib/tinyusb/src/portable/raspberrypi/rp2040/rp2040_usb.c.obj
                0x10002fc4                hw_endpoint_xfer_start
 .text.tud_event_hook_cb
                0x10003004        0x4 CMakeFiles/freertos_raspberry_pico.dir/E_/freertos-awan/pico-sdk/lib/tinyusb/src/device/usbd.c.obj
                0x10003004                tud_event_hook_cb
 .text.tud_sof_cb
                0x10003008        0x4 CMakeFiles/freertos_raspberry_pico.dir/E_/freertos-awan/pico-sdk/lib/tinyusb/src/device/usbd.c.obj
                0x10003008                tud_sof_cb
 .text.tud_descriptor_device_qualifier_cb
                0x1000300c        0x4 CMakeFiles/freertos_raspberry_pico.dir/E_/freertos-awan/pico-sdk/lib/tinyusb/src/device/usbd.c.obj
                0x1000300c                tud_descriptor_device_qualifier_cb
 .text.tud_descriptor_other_speed_configuration_cb
                0x10003010        0x4 CMakeFiles/freertos_raspberry_pico.dir/E_/freertos-awan/pico-sdk/lib/tinyusb/src/device/usbd.c.obj
                0x10003010                tud_descriptor_other_speed_configuration_cb
 .text.tud_mount_cb
                0x10003014        0x4 CMakeFiles/freertos_raspberry_pico.dir/E_/freertos-awan/pico-sdk/lib/tinyusb/src/device/usbd.c.obj
                0x10003014                tud_mount_cb
 .text.tud_umount_cb
                0x10003018        0x4 CMakeFiles/freertos_raspberry_pico.dir/E_/freertos-awan/pico-sdk/lib/tinyusb/src/device/usbd.c.obj
                0x10003018                tud_umount_cb
 .text.tud_suspend_cb
                0x1000301c        0x4 CMakeFiles/freertos_raspberry_pico.dir/E_/freertos-awan/pico-sdk/lib/tinyusb/src/device/usbd.c.obj
                0x1000301c                tud_suspend_cb
 .text.tud_resume_cb
                0x10003020        0x4 CMakeFiles/freertos_raspberry_pico.dir/E_/freertos-awan/pico-sdk/lib/tinyusb/src/device/usbd.c.obj
                0x10003020                tud_resume_cb
 .text.tud_mounted
                0x10003024       0x10 CMakeFiles/freertos_raspberry_pico.dir/E_/freertos-awan/pico-sdk/lib/tinyusb/src/device/usbd.c.obj
                0x10003024                tud_mounted
 .text.tud_suspended
                0x10003034       0x10 CMakeFiles/freertos_raspberry_pico.dir/E_/freertos-awan/pico-sdk/lib/tinyusb/src/device/usbd.c.obj
                0x10003034                tud_suspended
 .text.tud_rhport_init
                0x10003044       0xf4 CMakeFiles/freertos_raspberry_pico.dir/E_/freertos-awan/pico-sdk/lib/tinyusb/src/device/usbd.c.obj
                0x10003044                tud_rhport_init
 .text.tud_task_ext
                0x10003138      0x800 CMakeFiles/freertos_raspberry_pico.dir/E_/freertos-awan/pico-sdk/lib/tinyusb/src/device/usbd.c.obj
                0x10003138                tud_task_ext
 .text.usbd_open_edpt_pair
                0x10003938       0x9c CMakeFiles/freertos_raspberry_pico.dir/E_/freertos-awan/pico-sdk/lib/tinyusb/src/device/usbd.c.obj
                0x10003938                usbd_open_edpt_pair
 .text.usbd_edpt_open
                0x100039d4       0x34 CMakeFiles/freertos_raspberry_pico.dir/E_/freertos-awan/pico-sdk/lib/tinyusb/src/device/usbd.c.obj
                0x100039d4                usbd_edpt_open
 .text.usbd_edpt_claim
                0x10003a08       0x28 CMakeFiles/freertos_raspberry_pico.dir/E_/freertos-awan/pico-sdk/lib/tinyusb/src/device/usbd.c.obj
                0x10003a08                usbd_edpt_claim
 .text.usbd_edpt_release
                0x10003a30       0x28 CMakeFiles/freertos_raspberry_pico.dir/E_/freertos-awan/pico-sdk/lib/tinyusb/src/device/usbd.c.obj
                0x10003a30                usbd_edpt_release
 .text.usbd_edpt_xfer
                0x10003a58       0x4c CMakeFiles/freertos_raspberry_pico.dir/E_/freertos-awan/pico-sdk/lib/tinyusb/src/device/usbd.c.obj
                0x10003a58                usbd_edpt_xfer
 .text.tud_control_status
                0x10003aa4       0x2c CMakeFiles/freertos_raspberry_pico.dir/E_/freertos-awan/pico-sdk/lib/tinyusb/src/device/usbd_control.c.obj
                0x10003aa4                tud_control_status
 .text.tud_control_xfer
                0x10003ad0       0xa8 CMakeFiles/freertos_raspberry_pico.dir/E_/freertos-awan/pico-sdk/lib/tinyusb/src/device/usbd_control.c.obj
                0x10003ad0                tud_control_xfer
 .text.usbd_control_reset
                0x10003b78       0x14 CMakeFiles/freertos_raspberry_pico.dir/E_/freertos-awan/pico-sdk/lib/tinyusb/src/device/usbd_control.c.obj
                0x10003b78                usbd_control_reset
 .text.usbd_control_set_complete_callback
                0x10003b8c        0xc CMakeFiles/freertos_raspberry_pico.dir/E_/freertos-awan/pico-sdk/lib/tinyusb/src/device/usbd_control.c.obj
                0x10003b8c                usbd_control_set_complete_callback
 .text.usbd_control_set_request
                0x10003b98       0x1c CMakeFiles/freertos_raspberry_pico.dir/E_/freertos-awan/pico-sdk/lib/tinyusb/src/device/usbd_control.c.obj
                0x10003b98                usbd_control_set_request
 .text.usbd_control_xfer_cb
                0x10003bb4       0xec CMakeFiles/freertos_raspberry_pico.dir/E_/freertos-awan/pico-sdk/lib/tinyusb/src/device/usbd_control.c.obj
                0x10003bb4                usbd_control_xfer_cb
 .text._prep_out_transaction.isra.0
                0x10003ca0       0x6c CMakeFiles/freertos_raspberry_pico.dir/E_/freertos-awan/pico-sdk/lib/tinyusb/src/class/cdc/cdc_device.c.obj
 .text.tud_cdc_n_connected
                0x10003d0c       0x2c CMakeFiles/freertos_raspberry_pico.dir/E_/freertos-awan/pico-sdk/lib/tinyusb/src/class/cdc/cdc_device.c.obj
                0x10003d0c                tud_cdc_n_connected
 .text.tud_cdc_n_available
                0x10003d38       0x14 CMakeFiles/freertos_raspberry_pico.dir/E_/freertos-awan/pico-sdk/lib/tinyusb/src/class/cdc/cdc_device.c.obj
                0x10003d38                tud_cdc_n_available
 .text.tud_cdc_n_read
                0x10003d4c       0x88 CMakeFiles/freertos_raspberry_pico.dir/E_/freertos-awan/pico-sdk/lib/tinyusb/src/class/cdc/cdc_device.c.obj
                0x10003d4c                tud_cdc_n_read
 .text.tud_cdc_n_write_flush
                0x10003dd4       0x74 CMakeFiles/freertos_raspberry_pico.dir/E_/freertos-awan/pico-sdk/lib/tinyusb/src/class/cdc/cdc_device.c.obj
                0x10003dd4                tud_cdc_n_write_flush
 .text.tud_cdc_n_write
                0x10003e48       0x40 CMakeFiles/freertos_raspberry_pico.dir/E_/freertos-awan/pico-sdk/lib/tinyusb/src/class/cdc/cdc_device.c.obj
                0x10003e48                tud_cdc_n_write
 .text.tud_cdc_n_write_available
                0x10003e88       0x14 CMakeFiles/freertos_raspberry_pico.dir/E_/freertos-awan/pico-sdk/lib/tinyusb/src/class/cdc/cdc_device.c.obj
                0x10003e88                tud_cdc_n_write_available
 .text.cdcd_init
                0x10003e9c       0x70 CMakeFiles/freertos_raspberry_pico.dir/E_/freertos-awan/pico-sdk/lib/tinyusb/src/class/cdc/cdc_device.c.obj
                0x10003e9c                cdcd_init
 .text.cdcd_deinit
                0x10003f0c       0x30 CMakeFiles/freertos_raspberry_pico.dir/E_/freertos-awan/pico-sdk/lib/tinyusb/src/class/cdc/cdc_device.c.obj
                0x10003f0c                cdcd_deinit
 .text.cdcd_reset
                0x10003f3c       0x4c CMakeFiles/freertos_raspberry_pico.dir/E_/freertos-awan/pico-sdk/lib/tinyusb/src/class/cdc/cdc_device.c.obj
                0x10003f3c                cdcd_reset
 .text.cdcd_open
                0x10003f88       0xa4 CMakeFiles/freertos_raspberry_pico.dir/E_/freertos-awan/pico-sdk/lib/tinyusb/src/class/cdc/cdc_device.c.obj
                0x10003f88                cdcd_open
 .text.cdcd_control_xfer_cb
                0x1000402c       0xe8 CMakeFiles/freertos_raspberry_pico.dir/E_/freertos-awan/pico-sdk/lib/tinyusb/src/class/cdc/cdc_device.c.obj
                0x1000402c                cdcd_control_xfer_cb
 .text.cdcd_xfer_cb
                0x10004114      0x100 CMakeFiles/freertos_raspberry_pico.dir/E_/freertos-awan/pico-sdk/lib/tinyusb/src/class/cdc/cdc_device.c.obj
                0x10004114                cdcd_xfer_cb
 .text.vendord_init
                0x10004214       0x5c CMakeFiles/freertos_raspberry_pico.dir/E_/freertos-awan/pico-sdk/lib/tinyusb/src/class/vendor/vendor_device.c.obj
                0x10004214                vendord_init
 .text.vendord_deinit
                0x10004270       0x1c CMakeFiles/freertos_raspberry_pico.dir/E_/freertos-awan/pico-sdk/lib/tinyusb/src/class/vendor/vendor_device.c.obj
                0x10004270                vendord_deinit
 .text.vendord_reset
                0x1000428c       0x28 CMakeFiles/freertos_raspberry_pico.dir/E_/freertos-awan/pico-sdk/lib/tinyusb/src/class/vendor/vendor_device.c.obj
                0x1000428c                vendord_reset
 .text.vendord_open
                0x100042b4      0x120 CMakeFiles/freertos_raspberry_pico.dir/E_/freertos-awan/pico-sdk/lib/tinyusb/src/class/vendor/vendor_device.c.obj
                0x100042b4                vendord_open
 .text.vendord_xfer_cb
                0x100043d4       0x9c CMakeFiles/freertos_raspberry_pico.dir/E_/freertos-awan/pico-sdk/lib/tinyusb/src/class/vendor/vendor_device.c.obj
                0x100043d4                vendord_xfer_cb
 .text.tusb_rhport_init
                0x10004470       0x4c CMakeFiles/freertos_raspberry_pico.dir/E_/freertos-awan/pico-sdk/lib/tinyusb/src/tusb.c.obj
                0x10004470                tusb_rhport_init
 .text.tu_edpt_claim
                0x100044bc       0x50 CMakeFiles/freertos_raspberry_pico.dir/E_/freertos-awan/pico-sdk/lib/tinyusb/src/tusb.c.obj
                0x100044bc                tu_edpt_claim
 .text.tu_edpt_release
                0x1000450c       0x38 CMakeFiles/freertos_raspberry_pico.dir/E_/freertos-awan/pico-sdk/lib/tinyusb/src/tusb.c.obj
                0x1000450c                tu_edpt_release
 .text.tu_edpt_validate
                0x10004544       0x7c CMakeFiles/freertos_raspberry_pico.dir/E_/freertos-awan/pico-sdk/lib/tinyusb/src/tusb.c.obj
                0x10004544                tu_edpt_validate
 .text.tu_edpt_bind_driver
                0x100045c0       0x34 CMakeFiles/freertos_raspberry_pico.dir/E_/freertos-awan/pico-sdk/lib/tinyusb/src/tusb.c.obj
                0x100045c0                tu_edpt_bind_driver
 .text.tu_edpt_stream_init
                0x100045f4       0x6c CMakeFiles/freertos_raspberry_pico.dir/E_/freertos-awan/pico-sdk/lib/tinyusb/src/tusb.c.obj
                0x100045f4                tu_edpt_stream_init
 .text.tu_edpt_stream_deinit
                0x10004660        0x4 CMakeFiles/freertos_raspberry_pico.dir/E_/freertos-awan/pico-sdk/lib/tinyusb/src/tusb.c.obj
                0x10004660                tu_edpt_stream_deinit
 .text.tu_edpt_stream_write_zlp_if_needed
                0x10004664       0x68 CMakeFiles/freertos_raspberry_pico.dir/E_/freertos-awan/pico-sdk/lib/tinyusb/src/tusb.c.obj
                0x10004664                tu_edpt_stream_write_zlp_if_needed
 .text.tu_edpt_stream_write_xfer
                0x100046cc       0x68 CMakeFiles/freertos_raspberry_pico.dir/E_/freertos-awan/pico-sdk/lib/tinyusb/src/tusb.c.obj
                0x100046cc                tu_edpt_stream_write_xfer
 .text.tu_edpt_stream_read_xfer
                0x10004734       0xd8 CMakeFiles/freertos_raspberry_pico.dir/E_/freertos-awan/pico-sdk/lib/tinyusb/src/tusb.c.obj
                0x10004734                tu_edpt_stream_read_xfer
 .text.tu_fifo_config
                0x1000480c       0x6c CMakeFiles/freertos_raspberry_pico.dir/E_/freertos-awan/pico-sdk/lib/tinyusb/src/common/tusb_fifo.c.obj
                0x1000480c                tu_fifo_config
 .text.tu_fifo_count
                0x10004878       0x2c CMakeFiles/freertos_raspberry_pico.dir/E_/freertos-awan/pico-sdk/lib/tinyusb/src/common/tusb_fifo.c.obj
                0x10004878                tu_fifo_count
 .text.tu_fifo_empty
                0x100048a4       0x10 CMakeFiles/freertos_raspberry_pico.dir/E_/freertos-awan/pico-sdk/lib/tinyusb/src/common/tusb_fifo.c.obj
                0x100048a4                tu_fifo_empty
 .text.tu_fifo_remaining
                0x100048b4       0x2c CMakeFiles/freertos_raspberry_pico.dir/E_/freertos-awan/pico-sdk/lib/tinyusb/src/common/tusb_fifo.c.obj
                0x100048b4                tu_fifo_remaining
 .text.tu_fifo_read
                0x100048e0       0x9c CMakeFiles/freertos_raspberry_pico.dir/E_/freertos-awan/pico-sdk/lib/tinyusb/src/common/tusb_fifo.c.obj
                0x100048e0                tu_fifo_read
 .text.tu_fifo_read_n
                0x1000497c       0xe8 CMakeFiles/freertos_raspberry_pico.dir/E_/freertos-awan/pico-sdk/lib/tinyusb/src/common/tusb_fifo.c.obj
                0x1000497c                tu_fifo_read_n
 .text.tu_fifo_write
                0x10004a64       0xa4 CMakeFiles/freertos_raspberry_pico.dir/E_/freertos-awan/pico-sdk/lib/tinyusb/src/common/tusb_fifo.c.obj
                0x10004a64                tu_fifo_write
 .text.tu_fifo_write_n
                0x10004b08      0x178 CMakeFiles/freertos_raspberry_pico.dir/E_/freertos-awan/pico-sdk/lib/tinyusb/src/common/tusb_fifo.c.obj
                0x10004b08                tu_fifo_write_n
 .text.tu_fifo_clear
                0x10004c80       0x40 CMakeFiles/freertos_raspberry_pico.dir/E_/freertos-awan/pico-sdk/lib/tinyusb/src/common/tusb_fifo.c.obj
                0x10004c80                tu_fifo_clear
 .text.tu_fifo_set_overwritable
                0x10004cc0       0x48 CMakeFiles/freertos_raspberry_pico.dir/E_/freertos-awan/pico-sdk/lib/tinyusb/src/common/tusb_fifo.c.obj
                0x10004cc0                tu_fifo_set_overwritable
 .text.pvPortMalloc
                0x10004d08      0x12c CMakeFiles/freertos_raspberry_pico.dir/__/lib/FreeRTOS-Kernel/portable/MemMang/heap_4.c.obj
                0x10004d08                pvPortMalloc
 .text.vPortFree
                0x10004e34       0x98 CMakeFiles/freertos_raspberry_pico.dir/__/lib/FreeRTOS-Kernel/portable/MemMang/heap_4.c.obj
                0x10004e34                vPortFree
 .text.vPortSVCHandler
                0x10004ecc        0x4 CMakeFiles/freertos_raspberry_pico.dir/__/lib/FreeRTOS-Kernel/portable/ThirdParty/GCC/RP2040/port.c.obj
                0x10004ecc                vPortSVCHandler
 .text.vPortStartFirstTask
                0x10004ed0       0x34 CMakeFiles/freertos_raspberry_pico.dir/__/lib/FreeRTOS-Kernel/portable/ThirdParty/GCC/RP2040/port.c.obj
 *fill*         0x10004f04        0xc 
 .text.xPortPendSVHandler
                0x10004f10       0x64 CMakeFiles/freertos_raspberry_pico.dir/__/lib/FreeRTOS-Kernel/portable/ThirdParty/GCC/RP2040/port.c.obj
                0x10004f10                xPortPendSVHandler
 .text.prvFIFOInterruptHandler
                0x10004f74       0x78 CMakeFiles/freertos_raspberry_pico.dir/__/lib/FreeRTOS-Kernel/portable/ThirdParty/GCC/RP2040/port.c.obj
 .text.prvTaskExitError
                0x10004fec        0x8 CMakeFiles/freertos_raspberry_pico.dir/__/lib/FreeRTOS-Kernel/portable/ThirdParty/GCC/RP2040/port.c.obj
 .text.pxPortInitialiseStack
                0x10004ff4       0x20 CMakeFiles/freertos_raspberry_pico.dir/__/lib/FreeRTOS-Kernel/portable/ThirdParty/GCC/RP2040/port.c.obj
                0x10004ff4                pxPortInitialiseStack
 .text.vPortYield
                0x10005014       0x18 CMakeFiles/freertos_raspberry_pico.dir/__/lib/FreeRTOS-Kernel/portable/ThirdParty/GCC/RP2040/port.c.obj
                0x10005014                vPortYield
 .text.vPortEnterCritical
                0x1000502c       0x18 CMakeFiles/freertos_raspberry_pico.dir/__/lib/FreeRTOS-Kernel/portable/ThirdParty/GCC/RP2040/port.c.obj
                0x1000502c                vPortEnterCritical
 .text.vPortExitCritical
                0x10005044       0x34 CMakeFiles/freertos_raspberry_pico.dir/__/lib/FreeRTOS-Kernel/portable/ThirdParty/GCC/RP2040/port.c.obj
                0x10005044                vPortExitCritical
 .text.ulSetInterruptMaskFromISR
                0x10005078        0x8 CMakeFiles/freertos_raspberry_pico.dir/__/lib/FreeRTOS-Kernel/portable/ThirdParty/GCC/RP2040/port.c.obj
                0x10005078                ulSetInterruptMaskFromISR
 .text.vClearInterruptMaskFromISR
                0x10005080        0x8 CMakeFiles/freertos_raspberry_pico.dir/__/lib/FreeRTOS-Kernel/portable/ThirdParty/GCC/RP2040/port.c.obj
                0x10005080                vClearInterruptMaskFromISR
 .text.xPortSysTickHandler
                0x10005088       0x24 CMakeFiles/freertos_raspberry_pico.dir/__/lib/FreeRTOS-Kernel/portable/ThirdParty/GCC/RP2040/port.c.obj
                0x10005088                xPortSysTickHandler
 .text.vPortSetupTimerInterrupt
                0x100050ac       0x34 CMakeFiles/freertos_raspberry_pico.dir/__/lib/FreeRTOS-Kernel/portable/ThirdParty/GCC/RP2040/port.c.obj
                0x100050ac                vPortSetupTimerInterrupt
 .text.xPortStartScheduler
                0x100050e0       0x9c CMakeFiles/freertos_raspberry_pico.dir/__/lib/FreeRTOS-Kernel/portable/ThirdParty/GCC/RP2040/port.c.obj
                0x100050e0                xPortStartScheduler
 .text.ulPortLockGetCurrentOwnerId
                0x1000517c       0x2c CMakeFiles/freertos_raspberry_pico.dir/__/lib/FreeRTOS-Kernel/portable/ThirdParty/GCC/RP2040/port.c.obj
                0x1000517c                ulPortLockGetCurrentOwnerId
 .text.vPortLockInternalSpinUnlockWithNotify
                0x100051a8       0xc4 CMakeFiles/freertos_raspberry_pico.dir/__/lib/FreeRTOS-Kernel/portable/ThirdParty/GCC/RP2040/port.c.obj
                0x100051a8                vPortLockInternalSpinUnlockWithNotify
 .text.xPortLockInternalSpinUnlockWithBestEffortWaitOrTimeout
                0x1000526c       0xf4 CMakeFiles/freertos_raspberry_pico.dir/__/lib/FreeRTOS-Kernel/portable/ThirdParty/GCC/RP2040/port.c.obj
                0x1000526c                xPortLockInternalSpinUnlockWithBestEffortWaitOrTimeout
 .text.startup.prvRuntimeInitializer
                0x10005360       0x28 CMakeFiles/freertos_raspberry_pico.dir/__/lib/FreeRTOS-Kernel/portable/ThirdParty/GCC/RP2040/port.c.obj
 .text.vEventGroupSetBitsCallback
                0x10005388       0x90 CMakeFiles/freertos_raspberry_pico.dir/__/lib/FreeRTOS-Kernel/event_groups.c.obj
                0x10005388                vEventGroupSetBitsCallback
 .text.xEventGroupCreate
                0x10005418       0x18 CMakeFiles/freertos_raspberry_pico.dir/__/lib/FreeRTOS-Kernel/event_groups.c.obj
                0x10005418                xEventGroupCreate
 .text.xEventGroupWaitBits
                0x10005430       0xb8 CMakeFiles/freertos_raspberry_pico.dir/__/lib/FreeRTOS-Kernel/event_groups.c.obj
                0x10005430                xEventGroupWaitBits
 .text.xEventGroupSetBits
                0x100054e8       0x94 CMakeFiles/freertos_raspberry_pico.dir/__/lib/FreeRTOS-Kernel/event_groups.c.obj
                0x100054e8                xEventGroupSetBits
 .text.xEventGroupSetBitsFromISR
                0x1000557c       0x18 CMakeFiles/freertos_raspberry_pico.dir/__/lib/FreeRTOS-Kernel/event_groups.c.obj
                0x1000557c                xEventGroupSetBitsFromISR
 .text.vListInitialise
                0x10005594       0x18 CMakeFiles/freertos_raspberry_pico.dir/__/lib/FreeRTOS-Kernel/list.c.obj
                0x10005594                vListInitialise
 .text.vListInitialiseItem
                0x100055ac        0x8 CMakeFiles/freertos_raspberry_pico.dir/__/lib/FreeRTOS-Kernel/list.c.obj
                0x100055ac                vListInitialiseItem
 .text.vListInsert
                0x100055b4       0x30 CMakeFiles/freertos_raspberry_pico.dir/__/lib/FreeRTOS-Kernel/list.c.obj
                0x100055b4                vListInsert
 .text.uxListRemove
                0x100055e4       0x24 CMakeFiles/freertos_raspberry_pico.dir/__/lib/FreeRTOS-Kernel/list.c.obj
                0x100055e4                uxListRemove
 .text.prvUnlockQueue
                0x10005608      0x17c CMakeFiles/freertos_raspberry_pico.dir/__/lib/FreeRTOS-Kernel/queue.c.obj
 .text.prvNotifyQueueSetContainer
                0x10005784       0x90 CMakeFiles/freertos_raspberry_pico.dir/__/lib/FreeRTOS-Kernel/queue.c.obj
 .text.xQueueGenericCreate
                0x10005814       0xa4 CMakeFiles/freertos_raspberry_pico.dir/__/lib/FreeRTOS-Kernel/queue.c.obj
                0x10005814                xQueueGenericCreate
 .text.xQueueGenericSendFromISR
                0x100058b8      0x150 CMakeFiles/freertos_raspberry_pico.dir/__/lib/FreeRTOS-Kernel/queue.c.obj
                0x100058b8                xQueueGenericSendFromISR
 .text.xQueueReceive
                0x10005a08      0x11c CMakeFiles/freertos_raspberry_pico.dir/__/lib/FreeRTOS-Kernel/queue.c.obj
                0x10005a08                xQueueReceive
 .text.vQueueAddToRegistry
                0x10005b24      0x118 CMakeFiles/freertos_raspberry_pico.dir/__/lib/FreeRTOS-Kernel/queue.c.obj
                0x10005b24                vQueueAddToRegistry
 .text.vQueueWaitForMessageRestricted
                0x10005c3c       0x48 CMakeFiles/freertos_raspberry_pico.dir/__/lib/FreeRTOS-Kernel/queue.c.obj
                0x10005c3c                vQueueWaitForMessageRestricted
 .text.prvIdleTask
                0x10005c84       0x60 CMakeFiles/freertos_raspberry_pico.dir/__/lib/FreeRTOS-Kernel/tasks.c.obj
 .text.xTaskIncrementTick.part.0
                0x10005ce4      0x190 CMakeFiles/freertos_raspberry_pico.dir/__/lib/FreeRTOS-Kernel/tasks.c.obj
 .text.xTaskCreate
                0x10005e74      0x240 CMakeFiles/freertos_raspberry_pico.dir/__/lib/FreeRTOS-Kernel/tasks.c.obj
                0x10005e74                xTaskCreate
 .text.vTaskStartScheduler
                0x100060b4      0x1d8 CMakeFiles/freertos_raspberry_pico.dir/__/lib/FreeRTOS-Kernel/tasks.c.obj
                0x100060b4                vTaskStartScheduler
 .text.vTaskSuspendAll
                0x1000628c       0x10 CMakeFiles/freertos_raspberry_pico.dir/__/lib/FreeRTOS-Kernel/tasks.c.obj
                0x1000628c                vTaskSuspendAll
 .text.xTaskResumeAll
                0x1000629c      0x180 CMakeFiles/freertos_raspberry_pico.dir/__/lib/FreeRTOS-Kernel/tasks.c.obj
                0x1000629c                xTaskResumeAll
 .text.vTaskDelay
                0x1000641c       0x78 CMakeFiles/freertos_raspberry_pico.dir/__/lib/FreeRTOS-Kernel/tasks.c.obj
                0x1000641c                vTaskDelay
 .text.xTaskGetTickCount
                0x10006494        0xc CMakeFiles/freertos_raspberry_pico.dir/__/lib/FreeRTOS-Kernel/tasks.c.obj
                0x10006494                xTaskGetTickCount
 .text.uxTaskGetNumberOfTasks
                0x100064a0        0xc CMakeFiles/freertos_raspberry_pico.dir/__/lib/FreeRTOS-Kernel/tasks.c.obj
                0x100064a0                uxTaskGetNumberOfTasks
 .text.xTaskIncrementTick
                0x100064ac       0x24 CMakeFiles/freertos_raspberry_pico.dir/__/lib/FreeRTOS-Kernel/tasks.c.obj
                0x100064ac                xTaskIncrementTick
 .text.vTaskSwitchContext
                0x100064d0       0x6c CMakeFiles/freertos_raspberry_pico.dir/__/lib/FreeRTOS-Kernel/tasks.c.obj
                0x100064d0                vTaskSwitchContext
 .text.vTaskPlaceOnEventList
                0x1000653c       0x94 CMakeFiles/freertos_raspberry_pico.dir/__/lib/FreeRTOS-Kernel/tasks.c.obj
                0x1000653c                vTaskPlaceOnEventList
 .text.vTaskPlaceOnUnorderedEventList
                0x100065d0       0xb8 CMakeFiles/freertos_raspberry_pico.dir/__/lib/FreeRTOS-Kernel/tasks.c.obj
                0x100065d0                vTaskPlaceOnUnorderedEventList
 .text.vTaskPlaceOnEventListRestricted
                0x10006688       0xc0 CMakeFiles/freertos_raspberry_pico.dir/__/lib/FreeRTOS-Kernel/tasks.c.obj
                0x10006688                vTaskPlaceOnEventListRestricted
 .text.xTaskRemoveFromEventList
                0x10006748       0xcc CMakeFiles/freertos_raspberry_pico.dir/__/lib/FreeRTOS-Kernel/tasks.c.obj
                0x10006748                xTaskRemoveFromEventList
 .text.vTaskRemoveFromUnorderedEventList
                0x10006814       0x94 CMakeFiles/freertos_raspberry_pico.dir/__/lib/FreeRTOS-Kernel/tasks.c.obj
                0x10006814                vTaskRemoveFromUnorderedEventList
 .text.vTaskInternalSetTimeOutState
                0x100068a8       0x18 CMakeFiles/freertos_raspberry_pico.dir/__/lib/FreeRTOS-Kernel/tasks.c.obj
                0x100068a8                vTaskInternalSetTimeOutState
 .text.xTaskCheckForTimeOut
                0x100068c0       0x74 CMakeFiles/freertos_raspberry_pico.dir/__/lib/FreeRTOS-Kernel/tasks.c.obj
                0x100068c0                xTaskCheckForTimeOut
 .text.vTaskMissedYield
                0x10006934        0xc CMakeFiles/freertos_raspberry_pico.dir/__/lib/FreeRTOS-Kernel/tasks.c.obj
                0x10006934                vTaskMissedYield
 .text.xTaskGetCurrentTaskHandle
                0x10006940        0xc CMakeFiles/freertos_raspberry_pico.dir/__/lib/FreeRTOS-Kernel/tasks.c.obj
                0x10006940                xTaskGetCurrentTaskHandle
 .text.xTaskPriorityDisinherit
                0x1000694c       0x64 CMakeFiles/freertos_raspberry_pico.dir/__/lib/FreeRTOS-Kernel/tasks.c.obj
                0x1000694c                xTaskPriorityDisinherit
 .text.uxTaskResetEventItemValue
                0x100069b0       0x18 CMakeFiles/freertos_raspberry_pico.dir/__/lib/FreeRTOS-Kernel/tasks.c.obj
                0x100069b0                uxTaskResetEventItemValue
 .text.prvTimerTask
                0x100069c8      0x380 CMakeFiles/freertos_raspberry_pico.dir/__/lib/FreeRTOS-Kernel/timers.c.obj
 .text.xTimerCreateTimerTask
                0x10006d48       0x8c CMakeFiles/freertos_raspberry_pico.dir/__/lib/FreeRTOS-Kernel/timers.c.obj
                0x10006d48                xTimerCreateTimerTask
 .text.xTimerPendFunctionCallFromISR
                0x10006dd4       0x2c CMakeFiles/freertos_raspberry_pico.dir/__/lib/FreeRTOS-Kernel/timers.c.obj
                0x10006dd4                xTimerPendFunctionCallFromISR
 .text.exception_set_exclusive_handler
                0x10006e00       0x48 CMakeFiles/freertos_raspberry_pico.dir/E_/freertos-awan/pico-sdk/src/rp2_common/hardware_exception/exception.c.obj
                0x10006e00                exception_set_exclusive_handler
 .text.strlen   0x10006e48       0x5c C:/PROGRA~2/ARMGNU~1/14EFD8~1.2RE/bin/../lib/gcc/arm-none-eabi/14.2.1/thumb/v6-m/nofp\libg.a(libc_a-strlen-stub.o)
                0x10006e48                strlen
 *(.fini)
 .fini          0x10006ea4        0x4 C:/PROGRA~2/ARMGNU~1/14EFD8~1.2RE/bin/../lib/gcc/arm-none-eabi/14.2.1/thumb/v6-m/nofp/crti.o
                0x10006ea4                _fini
 .fini.__stub   0x10006ea8       0xc0 linker stubs
 *crtbegin.o(.ctors)
 *crtbegin?.o(.ctors)
 *(EXCLUDE_FILE(*crtend.o *crtend?.o) .ctors)
 *(SORT_BY_NAME(.ctors.*))
 *(.ctors)
 *crtbegin.o(.dtors)
 *crtbegin?.o(.dtors)
 *(EXCLUDE_FILE(*crtend.o *crtend?.o) .dtors)
 *(SORT_BY_NAME(.dtors.*))
 *(.dtors)
                0x10006f68                        . = ALIGN (0x4)
                0x10006f68                        PROVIDE (__preinit_array_start = .)
 *(SORT_BY_NAME(.preinit_array.*))
 .preinit_array.00100
                0x10006f68        0x4 CMakeFiles/freertos_raspberry_pico.dir/E_/freertos-awan/pico-sdk/src/rp2_common/pico_runtime_init/runtime_init.c.obj
                0x10006f68                __pre_init_runtime_init_early_resets
 .preinit_array.00101
                0x10006f6c        0x4 CMakeFiles/freertos_raspberry_pico.dir/E_/freertos-awan/pico-sdk/src/rp2_common/pico_runtime_init/runtime_init.c.obj
                0x10006f6c                __pre_init_runtime_init_usb_power_down
 .preinit_array.00275
                0x10006f70        0x4 CMakeFiles/freertos_raspberry_pico.dir/E_/freertos-awan/pico-sdk/src/rp2_common/pico_bit_ops/bit_ops_aeabi.S.obj
 .preinit_array.00300
                0x10006f74        0x4 CMakeFiles/freertos_raspberry_pico.dir/E_/freertos-awan/pico-sdk/src/rp2_common/pico_mem_ops/mem_ops_aeabi.S.obj
 .preinit_array.00350
                0x10006f78        0x4 CMakeFiles/freertos_raspberry_pico.dir/E_/freertos-awan/pico-sdk/src/rp2_common/pico_double/double_aeabi_rp2040.S.obj
 .preinit_array.00350
                0x10006f7c        0x4 CMakeFiles/freertos_raspberry_pico.dir/E_/freertos-awan/pico-sdk/src/rp2_common/pico_float/float_aeabi_rp2040.S.obj
 .preinit_array.00500
                0x10006f80        0x4 CMakeFiles/freertos_raspberry_pico.dir/E_/freertos-awan/pico-sdk/src/rp2_common/pico_runtime_init/runtime_init.c.obj
                0x10006f80                __pre_init_runtime_init_clocks
 .preinit_array.00600
                0x10006f84        0x4 CMakeFiles/freertos_raspberry_pico.dir/E_/freertos-awan/pico-sdk/src/rp2_common/pico_runtime_init/runtime_init.c.obj
                0x10006f84                __pre_init_runtime_init_post_clock_resets
 .preinit_array.00700
                0x10006f88        0x4 CMakeFiles/freertos_raspberry_pico.dir/E_/freertos-awan/pico-sdk/src/rp2_common/pico_runtime_init/runtime_init.c.obj
                0x10006f88                __pre_init_runtime_init_rp2040_gpio_ie_disable
 .preinit_array.01000
                0x10006f8c        0x4 CMakeFiles/freertos_raspberry_pico.dir/E_/freertos-awan/pico-sdk/src/rp2_common/pico_runtime_init/runtime_init.c.obj
                0x10006f8c                __pre_init_runtime_init_spin_locks_reset
 .preinit_array.01100
                0x10006f90        0x4 CMakeFiles/freertos_raspberry_pico.dir/E_/freertos-awan/pico-sdk/src/common/pico_sync/mutex.c.obj
                0x10006f90                __pre_init_runtime_init_mutex
 .preinit_array.10080
                0x10006f94        0x4 CMakeFiles/freertos_raspberry_pico.dir/E_/freertos-awan/pico-sdk/src/rp2_common/pico_runtime_init/runtime_init.c.obj
                0x10006f94                __pre_init_runtime_init_install_ram_vector_table
 .preinit_array.11000
                0x10006f98        0x4 CMakeFiles/freertos_raspberry_pico.dir/E_/freertos-awan/pico-sdk/src/common/pico_time/time.c.obj
                0x10006f98                __pre_init_runtime_init_default_alarm_pool
 .preinit_array.YYYYY
                0x10006f9c        0x4 CMakeFiles/freertos_raspberry_pico.dir/E_/freertos-awan/pico-sdk/src/rp2_common/pico_runtime/runtime.c.obj
                0x10006f9c                __pre_init_first_per_core_initializer
 .preinit_array.ZZZZZ.01200
                0x10006fa0        0x4 CMakeFiles/freertos_raspberry_pico.dir/E_/freertos-awan/pico-sdk/src/rp2_common/hardware_irq/irq.c.obj
                0x10006fa0                __pre_init_runtime_init_per_core_irq_priorities
 *(.preinit_array)
                0x10006fa4                        PROVIDE (__preinit_array_end = .)
                0x10006fa4                        . = ALIGN (0x4)
                0x10006fa4                        PROVIDE (__init_array_start = .)
 *(SORT_BY_NAME(.init_array.*))
 *(.init_array)
 .init_array    0x10006fa4        0x4 C:/PROGRA~2/ARMGNU~1/14EFD8~1.2RE/bin/../lib/gcc/arm-none-eabi/14.2.1/thumb/v6-m/nofp/crtbegin.o
 .init_array    0x10006fa8        0x4 CMakeFiles/freertos_raspberry_pico.dir/E_/freertos-awan/pico-sdk/src/rp2_common/pico_unique_id/unique_id.c.obj
 .init_array    0x10006fac        0x4 CMakeFiles/freertos_raspberry_pico.dir/__/lib/FreeRTOS-Kernel/portable/ThirdParty/GCC/RP2040/port.c.obj
                0x10006fb0                        PROVIDE (__init_array_end = .)
                0x10006fb0                        . = ALIGN (0x4)
                [!provide]                        PROVIDE (__fini_array_start = .)
 *(SORT_BY_NAME(.fini_array.*))
 *(.fini_array)
                [!provide]                        PROVIDE (__fini_array_end = .)
 *(.eh_frame*)
 .eh_frame      0x10006fb0        0x0 C:/PROGRA~2/ARMGNU~1/14EFD8~1.2RE/bin/../lib/gcc/arm-none-eabi/14.2.1/thumb/v6-m/nofp/crtbegin.o
                0x10006fb0                        . = ALIGN (0x4)

.glue_7         0x10006fb0        0x0
 .glue_7        0x10006fb0        0x0 linker stubs

.glue_7t        0x10006fb0        0x0
 .glue_7t       0x10006fb0        0x0 linker stubs

.vfp11_veneer   0x10006fb0        0x0
 .vfp11_veneer  0x10006fb0        0x0 linker stubs

.v4_bx          0x10006fb0        0x0
 .v4_bx         0x10006fb0        0x0 linker stubs

.iplt           0x10006fb0        0x0
 .iplt          0x10006fb0        0x0 C:/PROGRA~2/ARMGNU~1/14EFD8~1.2RE/bin/../lib/gcc/arm-none-eabi/14.2.1/thumb/v6-m/nofp/crtbegin.o

.rodata         0x10006fb0      0x4f4
 *(EXCLUDE_FILE(*libm.a: *libc.a:*lib_a-mem*.o *libgcc.a:) .rodata*)
 .rodata.main.str1.4
                0x10006fb0      0x1f4 CMakeFiles/freertos_raspberry_pico.dir/main.c.obj
                                 0x42 (size before relaxing)
 .rodata.panic.str1.4
                0x100071a4       0x12 CMakeFiles/freertos_raspberry_pico.dir/E_/freertos-awan/pico-sdk/src/rp2_common/pico_platform_panic/panic.c.obj
 .rodata.panic_unsupported.str1.4
                0x100071a4        0xe CMakeFiles/freertos_raspberry_pico.dir/E_/freertos-awan/pico-sdk/src/rp2_common/pico_platform_panic/panic.c.obj
 .rodata.spin_lock_claim_unused.str1.4
                0x100071a4       0x1b CMakeFiles/freertos_raspberry_pico.dir/E_/freertos-awan/pico-sdk/src/rp2_common/hardware_sync/sync.c.obj
 .rodata.user_irq_claim_unused.str1.4
                0x100071a4       0x1b CMakeFiles/freertos_raspberry_pico.dir/E_/freertos-awan/pico-sdk/src/rp2_common/hardware_irq/irq.c.obj
 .rodata.timer_hardware_alarm_claim.str1.4
                0x100071a4       0x22 CMakeFiles/freertos_raspberry_pico.dir/E_/freertos-awan/pico-sdk/src/rp2_common/hardware_timer/timer.c.obj
 .rodata.hard_assertion_failure.str1.4
                0x100071a4        0xc CMakeFiles/freertos_raspberry_pico.dir/E_/freertos-awan/pico-sdk/src/rp2_common/pico_runtime/runtime.c.obj
 .rodata.str1.4
                0x100071a4       0x4c CMakeFiles/freertos_raspberry_pico.dir/E_/freertos-awan/pico-sdk/src/rp2_common/pico_standard_binary_info/standard_binary_info.c.obj
 .rodata.__bi_84
                0x100071a4        0xc CMakeFiles/freertos_raspberry_pico.dir/E_/freertos-awan/pico-sdk/src/rp2_common/pico_standard_binary_info/standard_binary_info.c.obj
 .rodata.__bi_78
                0x100071b0        0xc CMakeFiles/freertos_raspberry_pico.dir/E_/freertos-awan/pico-sdk/src/rp2_common/pico_standard_binary_info/standard_binary_info.c.obj
 .rodata.__bi_54
                0x100071bc        0xc CMakeFiles/freertos_raspberry_pico.dir/E_/freertos-awan/pico-sdk/src/rp2_common/pico_standard_binary_info/standard_binary_info.c.obj
 .rodata.__bi_48
                0x100071c8        0xc CMakeFiles/freertos_raspberry_pico.dir/E_/freertos-awan/pico-sdk/src/rp2_common/pico_standard_binary_info/standard_binary_info.c.obj
 .rodata.__bi_42
                0x100071d4        0xc CMakeFiles/freertos_raspberry_pico.dir/E_/freertos-awan/pico-sdk/src/rp2_common/pico_standard_binary_info/standard_binary_info.c.obj
 .rodata.__bi_34
                0x100071e0        0xc CMakeFiles/freertos_raspberry_pico.dir/E_/freertos-awan/pico-sdk/src/rp2_common/pico_standard_binary_info/standard_binary_info.c.obj
 .rodata.__bi_26
                0x100071ec        0xc CMakeFiles/freertos_raspberry_pico.dir/E_/freertos-awan/pico-sdk/src/rp2_common/pico_standard_binary_info/standard_binary_info.c.obj
 .rodata.crlf_str.0
                0x100071f8        0x2 CMakeFiles/freertos_raspberry_pico.dir/E_/freertos-awan/pico-sdk/src/rp2_common/pico_stdio/stdio.c.obj
 .rodata.str1.4
                0x100071fa       0x2c CMakeFiles/freertos_raspberry_pico.dir/E_/freertos-awan/pico-sdk/src/rp2_common/pico_stdio_uart/stdio_uart.c.obj
 *fill*         0x100071fa        0x2 
 .rodata.__bi_45.4
                0x100071fc        0xc CMakeFiles/freertos_raspberry_pico.dir/E_/freertos-awan/pico-sdk/src/rp2_common/pico_stdio_uart/stdio_uart.c.obj
 .rodata.__bi_49.5
                0x10007208        0x8 CMakeFiles/freertos_raspberry_pico.dir/E_/freertos-awan/pico-sdk/src/rp2_common/pico_stdio_uart/stdio_uart.c.obj
 .rodata.__bi_50.6
                0x10007210        0x8 CMakeFiles/freertos_raspberry_pico.dir/E_/freertos-awan/pico-sdk/src/rp2_common/pico_stdio_uart/stdio_uart.c.obj
 .rodata._resetd_driver
                0x10007218       0x20 CMakeFiles/freertos_raspberry_pico.dir/E_/freertos-awan/pico-sdk/src/rp2_common/pico_stdio_usb/reset_interface.c.obj
 .rodata.desc_ms_os_20
                0x10007238       0xa6 CMakeFiles/freertos_raspberry_pico.dir/E_/freertos-awan/pico-sdk/src/rp2_common/pico_stdio_usb/reset_interface.c.obj
 *fill*         0x100072de        0x2 
 .rodata.desc_bos
                0x100072e0       0x21 CMakeFiles/freertos_raspberry_pico.dir/E_/freertos-awan/pico-sdk/src/rp2_common/pico_stdio_usb/reset_interface.c.obj
                0x100072e0                desc_bos
 .rodata.str1.4
                0x10007301       0x13 CMakeFiles/freertos_raspberry_pico.dir/E_/freertos-awan/pico-sdk/src/rp2_common/pico_stdio_usb/stdio_usb.c.obj
 *fill*         0x10007301        0x3 
 .rodata.__bi_197.0
                0x10007304        0xc CMakeFiles/freertos_raspberry_pico.dir/E_/freertos-awan/pico-sdk/src/rp2_common/pico_stdio_usb/stdio_usb.c.obj
 .rodata.str1.4
                0x10007310       0x2a CMakeFiles/freertos_raspberry_pico.dir/E_/freertos-awan/pico-sdk/src/rp2_common/pico_stdio_usb/stdio_usb_descriptors.c.obj
 .rodata.usbd_desc_str
                0x10007310       0x18 CMakeFiles/freertos_raspberry_pico.dir/E_/freertos-awan/pico-sdk/src/rp2_common/pico_stdio_usb/stdio_usb_descriptors.c.obj
 .rodata.usbd_desc_cfg
                0x10007328       0x54 CMakeFiles/freertos_raspberry_pico.dir/E_/freertos-awan/pico-sdk/src/rp2_common/pico_stdio_usb/stdio_usb_descriptors.c.obj
 .rodata.usbd_desc_device
                0x1000737c       0x12 CMakeFiles/freertos_raspberry_pico.dir/E_/freertos-awan/pico-sdk/src/rp2_common/pico_stdio_usb/stdio_usb_descriptors.c.obj
 .rodata.str1.4
                0x1000738e       0x14 CMakeFiles/freertos_raspberry_pico.dir/E_/freertos-awan/pico-sdk/lib/tinyusb/src/portable/raspberrypi/rp2040/dcd_rp2040.c.obj
 .rodata.str1.4
                0x1000738e       0x48 CMakeFiles/freertos_raspberry_pico.dir/E_/freertos-awan/pico-sdk/lib/tinyusb/src/portable/raspberrypi/rp2040/rp2040_usb.c.obj
 *fill*         0x1000738e        0x2 
 .rodata.tud_task_ext
                0x10007390       0x8c CMakeFiles/freertos_raspberry_pico.dir/E_/freertos-awan/pico-sdk/lib/tinyusb/src/device/usbd.c.obj
 .rodata        0x1000741c       0x1c CMakeFiles/freertos_raspberry_pico.dir/E_/freertos-awan/pico-sdk/lib/tinyusb/src/device/usbd.c.obj
 .rodata._usbd_driver
                0x10007438       0x40 CMakeFiles/freertos_raspberry_pico.dir/E_/freertos-awan/pico-sdk/lib/tinyusb/src/device/usbd.c.obj
 .rodata.uxTopUsedPriority
                0x10007478        0x4 CMakeFiles/freertos_raspberry_pico.dir/__/lib/FreeRTOS-Kernel/tasks.c.obj
                0x10007478                uxTopUsedPriority
 .rodata.prvTimerTask
                0x1000747c       0x28 CMakeFiles/freertos_raspberry_pico.dir/__/lib/FreeRTOS-Kernel/timers.c.obj
 .rodata.xTimerCreateTimerTask.str1.4
                0x100074a4       0x10 CMakeFiles/freertos_raspberry_pico.dir/__/lib/FreeRTOS-Kernel/timers.c.obj
                0x100074b4                        . = ALIGN (0x4)
 *(SORT_BY_ALIGNMENT(SORT_BY_NAME(.flashdata*)))
                0x100074b4                        . = ALIGN (0x4)

.ARM.extab
 *(.ARM.extab* .gnu.linkonce.armextab.*)
                0x100074a4                        __exidx_start = .

.ARM.exidx
 *(.ARM.exidx* .gnu.linkonce.armexidx.*)
                0x100074a4                        __exidx_end = .
                0x100074b4                        . = ALIGN (0x4)
                0x100074a4                        __binary_info_start = .

.binary_info    0x100074a4       0x2c
 *(.binary_info.keep.*)
 .binary_info.keep.__bi_ptr84
                0x100074a4        0x4 CMakeFiles/freertos_raspberry_pico.dir/E_/freertos-awan/pico-sdk/src/rp2_common/pico_standard_binary_info/standard_binary_info.c.obj
 .binary_info.keep.__bi_ptr78
                0x100074a8        0x4 CMakeFiles/freertos_raspberry_pico.dir/E_/freertos-awan/pico-sdk/src/rp2_common/pico_standard_binary_info/standard_binary_info.c.obj
 .binary_info.keep.__bi_ptr54
                0x100074ac        0x4 CMakeFiles/freertos_raspberry_pico.dir/E_/freertos-awan/pico-sdk/src/rp2_common/pico_standard_binary_info/standard_binary_info.c.obj
 .binary_info.keep.__bi_ptr48
                0x100074b0        0x4 CMakeFiles/freertos_raspberry_pico.dir/E_/freertos-awan/pico-sdk/src/rp2_common/pico_standard_binary_info/standard_binary_info.c.obj
 .binary_info.keep.__bi_ptr42
                0x100074b4        0x4 CMakeFiles/freertos_raspberry_pico.dir/E_/freertos-awan/pico-sdk/src/rp2_common/pico_standard_binary_info/standard_binary_info.c.obj
 .binary_info.keep.__bi_ptr34
                0x100074b8        0x4 CMakeFiles/freertos_raspberry_pico.dir/E_/freertos-awan/pico-sdk/src/rp2_common/pico_standard_binary_info/standard_binary_info.c.obj
 .binary_info.keep.__bi_ptr26
                0x100074bc        0x4 CMakeFiles/freertos_raspberry_pico.dir/E_/freertos-awan/pico-sdk/src/rp2_common/pico_standard_binary_info/standard_binary_info.c.obj
 *(.binary_info.*)
 .binary_info.__bi_ptr50
                0x100074c0        0x4 CMakeFiles/freertos_raspberry_pico.dir/E_/freertos-awan/pico-sdk/src/rp2_common/pico_stdio_uart/stdio_uart.c.obj
 .binary_info.__bi_ptr49
                0x100074c4        0x4 CMakeFiles/freertos_raspberry_pico.dir/E_/freertos-awan/pico-sdk/src/rp2_common/pico_stdio_uart/stdio_uart.c.obj
 .binary_info.__bi_ptr45
                0x100074c8        0x4 CMakeFiles/freertos_raspberry_pico.dir/E_/freertos-awan/pico-sdk/src/rp2_common/pico_stdio_uart/stdio_uart.c.obj
 .binary_info.__bi_ptr197
                0x100074cc        0x4 CMakeFiles/freertos_raspberry_pico.dir/E_/freertos-awan/pico-sdk/src/rp2_common/pico_stdio_usb/stdio_usb.c.obj
                0x100074d0                        __binary_info_end = .

.rel.dyn        0x100074d0        0x0
 .rel.iplt      0x100074d0        0x0 C:/PROGRA~2/ARMGNU~1/14EFD8~1.2RE/bin/../lib/gcc/arm-none-eabi/14.2.1/thumb/v6-m/nofp/crtbegin.o
                0x100074d0                        . = ALIGN (0x4)

.ram_vector_table
                0x20000000       0xc0
 *(.ram_vector_table)
 .ram_vector_table
                0x20000000       0xc0 CMakeFiles/freertos_raspberry_pico.dir/E_/freertos-awan/pico-sdk/src/rp2_common/pico_runtime_init/runtime_init.c.obj
                0x20000000                ram_vector_table

.uninitialized_data
                0x200000c0        0x0
                0x200000c0                        . = ALIGN (0x4)
 *(.uninitialized_data*)

.data           0x200000c0      0xfd0 load address 0x100074d0
                0x200000c0                        __data_start__ = .
 *(vtable)
 *(.time_critical*)
 .time_critical.mutex_try_enter
                0x200000c0       0x40 CMakeFiles/freertos_raspberry_pico.dir/E_/freertos-awan/pico-sdk/src/common/pico_sync/mutex.c.obj
                0x200000c0                mutex_try_enter
 .time_critical.mutex_try_enter_block_until
                0x20000100       0xa0 CMakeFiles/freertos_raspberry_pico.dir/E_/freertos-awan/pico-sdk/src/common/pico_sync/mutex.c.obj
                0x20000100                mutex_try_enter_block_until
 .time_critical.mutex_enter_timeout_ms
                0x200001a0       0x74 CMakeFiles/freertos_raspberry_pico.dir/E_/freertos-awan/pico-sdk/src/common/pico_sync/mutex.c.obj
                0x200001a0                mutex_enter_timeout_ms
 .time_critical.mutex_exit
                0x20000214       0x20 CMakeFiles/freertos_raspberry_pico.dir/E_/freertos-awan/pico-sdk/src/common/pico_sync/mutex.c.obj
                0x20000214                mutex_exit
 .time_critical.flash_init_boot2_copyout
                0x20000234       0x30 CMakeFiles/freertos_raspberry_pico.dir/E_/freertos-awan/pico-sdk/src/rp2_common/hardware_flash/flash.c.obj
 .time_critical.flash_enable_xip_via_boot2
                0x20000264        0xc CMakeFiles/freertos_raspberry_pico.dir/E_/freertos-awan/pico-sdk/src/rp2_common/hardware_flash/flash.c.obj
 .time_critical.flash_cs_force
                0x20000270       0x38 CMakeFiles/freertos_raspberry_pico.dir/E_/freertos-awan/pico-sdk/src/rp2_common/hardware_flash/flash.c.obj
 .time_critical.flash_do_cmd
                0x200002a8      0x130 CMakeFiles/freertos_raspberry_pico.dir/E_/freertos-awan/pico-sdk/src/rp2_common/hardware_flash/flash.c.obj
                0x200002a8                flash_do_cmd
 .time_critical.reset_non_control_endpoints
                0x200003d8       0x68 CMakeFiles/freertos_raspberry_pico.dir/E_/freertos-awan/pico-sdk/lib/tinyusb/src/portable/raspberrypi/rp2040/dcd_rp2040.c.obj
 .time_critical.hw_handle_buff_status
                0x20000440       0xa0 CMakeFiles/freertos_raspberry_pico.dir/E_/freertos-awan/pico-sdk/lib/tinyusb/src/portable/raspberrypi/rp2040/dcd_rp2040.c.obj
 .time_critical.dcd_rp2040_irq
                0x200004e0      0x548 CMakeFiles/freertos_raspberry_pico.dir/E_/freertos-awan/pico-sdk/lib/tinyusb/src/portable/raspberrypi/rp2040/dcd_rp2040.c.obj
 .time_critical.prepare_ep_buffer
                0x20000a28       0xc8 CMakeFiles/freertos_raspberry_pico.dir/E_/freertos-awan/pico-sdk/lib/tinyusb/src/portable/raspberrypi/rp2040/rp2040_usb.c.obj
 .time_critical.sync_ep_buffer
                0x20000af0       0x9c CMakeFiles/freertos_raspberry_pico.dir/E_/freertos-awan/pico-sdk/lib/tinyusb/src/portable/raspberrypi/rp2040/rp2040_usb.c.obj
 .time_critical._hw_endpoint_xfer_sync
                0x20000b8c       0x28 CMakeFiles/freertos_raspberry_pico.dir/E_/freertos-awan/pico-sdk/lib/tinyusb/src/portable/raspberrypi/rp2040/rp2040_usb.c.obj
 .time_critical.e15_is_bulkin_ep
                0x20000bb4       0x28 CMakeFiles/freertos_raspberry_pico.dir/E_/freertos-awan/pico-sdk/lib/tinyusb/src/portable/raspberrypi/rp2040/rp2040_usb.c.obj
 .time_critical.e15_is_critical_frame_period
                0x20000bdc       0x34 CMakeFiles/freertos_raspberry_pico.dir/E_/freertos-awan/pico-sdk/lib/tinyusb/src/portable/raspberrypi/rp2040/rp2040_usb.c.obj
 .time_critical.hw_endpoint_reset_transfer
                0x20000c10        0xc CMakeFiles/freertos_raspberry_pico.dir/E_/freertos-awan/pico-sdk/lib/tinyusb/src/portable/raspberrypi/rp2040/rp2040_usb.c.obj
                0x20000c10                hw_endpoint_reset_transfer
 .time_critical._hw_endpoint_buffer_control_update32
                0x20000c1c       0x50 CMakeFiles/freertos_raspberry_pico.dir/E_/freertos-awan/pico-sdk/lib/tinyusb/src/portable/raspberrypi/rp2040/rp2040_usb.c.obj
                0x20000c1c                _hw_endpoint_buffer_control_update32
 .time_critical.hw_endpoint_start_next_buffer
                0x20000c6c       0x68 CMakeFiles/freertos_raspberry_pico.dir/E_/freertos-awan/pico-sdk/lib/tinyusb/src/portable/raspberrypi/rp2040/rp2040_usb.c.obj
                0x20000c6c                hw_endpoint_start_next_buffer
 .time_critical.hw_endpoint_xfer_continue
                0x20000cd4       0x40 CMakeFiles/freertos_raspberry_pico.dir/E_/freertos-awan/pico-sdk/lib/tinyusb/src/portable/raspberrypi/rp2040/rp2040_usb.c.obj
                0x20000cd4                hw_endpoint_xfer_continue
 .time_critical.tinyusb
                0x20000d14      0x1e4 CMakeFiles/freertos_raspberry_pico.dir/E_/freertos-awan/pico-sdk/lib/tinyusb/src/device/usbd.c.obj
                0x20000d14                dcd_event_handler
 *(.text*)
 .text          0x20000ef8        0x4 C:/PROGRA~2/ARMGNU~1/14EFD8~1.2RE/bin/../lib/gcc/arm-none-eabi/14.2.1/thumb/v6-m/nofp\libgcc.a(_dvmd_tls.o)
                0x20000ef8                __aeabi_idiv0
                0x20000ef8                __aeabi_ldiv0
 *fill*         0x20000efc        0x4 
 .text.__stub   0x20000f00       0xa0 linker stubs
                0x20000fa0                        . = ALIGN (0x4)
 *(.rodata*)
                0x20000fa0                        . = ALIGN (0x4)
 *(.data*)
 .data.striped_spin_lock_num
                0x20000fa0        0x1 CMakeFiles/freertos_raspberry_pico.dir/E_/freertos-awan/pico-sdk/src/rp2_common/hardware_sync/sync.c.obj
 *fill*         0x20000fa1        0x3 
 .data          0x20000fa4       0x48 CMakeFiles/freertos_raspberry_pico.dir/E_/freertos-awan/pico-sdk/src/rp2_common/hardware_irq/irq_handler_chain.S.obj
                0x20000fa4                irq_handler_chain_slots
                0x20000fd4                irq_handler_chain_first_slot
                0x20000fde                irq_handler_chain_remove_tail
 .data.default_alarm_pool
                0x20000fec       0x18 CMakeFiles/freertos_raspberry_pico.dir/E_/freertos-awan/pico-sdk/src/common/pico_time/time.c.obj
 *fill*         0x20001004        0xc 
 .data.aeabi_bits_funcs
                0x20001010       0x10 CMakeFiles/freertos_raspberry_pico.dir/E_/freertos-awan/pico-sdk/src/rp2_common/pico_bit_ops/bit_ops_aeabi.S.obj
                0x20001010                aeabi_bits_funcs
                0x20001020                aeabi_bits_funcs_end
 .data.aeabi_mem_funcs
                0x20001020       0x10 CMakeFiles/freertos_raspberry_pico.dir/E_/freertos-awan/pico-sdk/src/rp2_common/pico_mem_ops/mem_ops_aeabi.S.obj
                0x20001020                aeabi_mem_funcs
                0x20001030                aeabi_mem_funcs_end
 .data.stdio_uart
                0x20001030       0x18 CMakeFiles/freertos_raspberry_pico.dir/E_/freertos-awan/pico-sdk/src/rp2_common/pico_stdio_uart/stdio_uart.c.obj
                0x20001030                stdio_uart
 .data.stdio_usb
                0x20001048       0x18 CMakeFiles/freertos_raspberry_pico.dir/E_/freertos-awan/pico-sdk/src/rp2_common/pico_stdio_usb/stdio_usb.c.obj
                0x20001048                stdio_usb
 .data._usbd_qdef
                0x20001060       0x1c CMakeFiles/freertos_raspberry_pico.dir/E_/freertos-awan/pico-sdk/lib/tinyusb/src/device/usbd.c.obj
                0x20001060                _usbd_qdef
 .data._usbd_rhport
                0x2000107c        0x1 CMakeFiles/freertos_raspberry_pico.dir/E_/freertos-awan/pico-sdk/lib/tinyusb/src/device/usbd.c.obj
 .data.ucPrimaryCoreNum
                0x2000107d        0x1 CMakeFiles/freertos_raspberry_pico.dir/__/lib/FreeRTOS-Kernel/portable/ThirdParty/GCC/RP2040/port.c.obj
                0x20001080                        . = ALIGN (0x4)
 *fill*         0x2000107e        0x2 
 *(.after_data.*)
                0x20001080                        . = ALIGN (0x4)
                0x20001080                        PROVIDE (__mutex_array_start = .)
 *(SORT_BY_NAME(.mutex_array.*))
 *(.mutex_array)
 .mutex_array   0x20001080        0x8 CMakeFiles/freertos_raspberry_pico.dir/E_/freertos-awan/pico-sdk/src/rp2_common/pico_malloc/malloc.c.obj
 .mutex_array   0x20001088        0x8 CMakeFiles/freertos_raspberry_pico.dir/E_/freertos-awan/pico-sdk/src/rp2_common/pico_stdio/stdio.c.obj
                0x20001090                        PROVIDE (__mutex_array_end = .)
                0x20001090                        . = ALIGN (0x4)
 *(.jcr)
                0x20001090                        . = ALIGN (0x4)

.tm_clone_table
                0x20001090        0x0 load address 0x100084a0
 .tm_clone_table
                0x20001090        0x0 C:/PROGRA~2/ARMGNU~1/14EFD8~1.2RE/bin/../lib/gcc/arm-none-eabi/14.2.1/thumb/v6-m/nofp/crtbegin.o
 .tm_clone_table
                0x20001090        0x0 C:/PROGRA~2/ARMGNU~1/14EFD8~1.2RE/bin/../lib/gcc/arm-none-eabi/14.2.1/thumb/v6-m/nofp/crtend.o

.igot.plt       0x20001090        0x0 load address 0x100084a0
 .igot.plt      0x20001090        0x0 C:/PROGRA~2/ARMGNU~1/14EFD8~1.2RE/bin/../lib/gcc/arm-none-eabi/14.2.1/thumb/v6-m/nofp/crtbegin.o

.tdata          0x20001090        0x0 load address 0x100084a0
                0x20001090                        . = ALIGN (0x4)
 *(.tdata .tdata.* .gnu.linkonce.td.*)
                0x20001090                        __tdata_end = .
                0x20001090                        PROVIDE (__data_end__ = .)
                0x100074d0                        __etext = LOADADDR (.data)

.tbss           0x20001090        0x0 load address 0x100084a0
                0x20001090                        . = ALIGN (0x4)
                0x20001090                        __bss_start__ = .
                0x20001090                        __tls_base = .
 *(.tbss .tbss.* .gnu.linkonce.tb.*)
 *(.tcommon)
                0x20001090                        __tls_end = .

.bss            0x20001090    0x212e0 load address 0x100084a0
                0x20001090                        . = ALIGN (0x4)
                0x20001090                        __tbss_end = .
 *(SORT_BY_ALIGNMENT(SORT_BY_NAME(.bss*)))
 .bss.default_alarm_pool_entries
                0x20001090      0x180 CMakeFiles/freertos_raspberry_pico.dir/E_/freertos-awan/pico-sdk/src/common/pico_time/time.c.obj
 .bss.last_avail_time.1
                0x20001210        0x8 CMakeFiles/freertos_raspberry_pico.dir/E_/freertos-awan/pico-sdk/src/rp2_common/pico_stdio_usb/stdio_usb.c.obj
 .bss.sd_table  0x20001218      0x100 CMakeFiles/freertos_raspberry_pico.dir/E_/freertos-awan/pico-sdk/src/rp2_common/pico_double/double_init_rom_rp2040.c.obj
                0x20001218                sd_table
 .bss.sf_table  0x20001318      0x100 CMakeFiles/freertos_raspberry_pico.dir/E_/freertos-awan/pico-sdk/src/rp2_common/pico_float/float_init_rom_rp2040.c.obj
                0x20001318                sf_table
 .bss.xQueueRegistry
                0x20001418       0x40 CMakeFiles/freertos_raspberry_pico.dir/__/lib/FreeRTOS-Kernel/queue.c.obj
                0x20001418                xQueueRegistry
 .bss._app_driver
                0x20001458        0x4 CMakeFiles/freertos_raspberry_pico.dir/E_/freertos-awan/pico-sdk/lib/tinyusb/src/device/usbd.c.obj
 .bss._cdcd_epbuf
                0x2000145c       0x80 CMakeFiles/freertos_raspberry_pico.dir/E_/freertos-awan/pico-sdk/lib/tinyusb/src/class/cdc/cdc_device.c.obj
 .bss._cdcd_fifo_cfg
                0x200014dc        0x1 CMakeFiles/freertos_raspberry_pico.dir/E_/freertos-awan/pico-sdk/lib/tinyusb/src/class/cdc/cdc_device.c.obj
 *fill*         0x200014dd        0x3 
 .bss._cdcd_itf
                0x200014e0       0xc8 CMakeFiles/freertos_raspberry_pico.dir/E_/freertos-awan/pico-sdk/lib/tinyusb/src/class/cdc/cdc_device.c.obj
 .bss._ctrl_epbuf
                0x200015a8       0x40 CMakeFiles/freertos_raspberry_pico.dir/E_/freertos-awan/pico-sdk/lib/tinyusb/src/device/usbd_control.c.obj
 .bss._ctrl_xfer
                0x200015e8       0x14 CMakeFiles/freertos_raspberry_pico.dir/E_/freertos-awan/pico-sdk/lib/tinyusb/src/device/usbd_control.c.obj
 .bss._tusb_rhport_role
                0x200015fc        0x2 CMakeFiles/freertos_raspberry_pico.dir/E_/freertos-awan/pico-sdk/lib/tinyusb/src/tusb.c.obj
                0x200015fc                _tusb_rhport_role
 *fill*         0x200015fe        0x2 
 .bss._ubsd_mutexdef
                0x20001600        0x8 CMakeFiles/freertos_raspberry_pico.dir/E_/freertos-awan/pico-sdk/lib/tinyusb/src/device/usbd.c.obj
 .bss._usbd_dev
                0x20001608       0x54 CMakeFiles/freertos_raspberry_pico.dir/E_/freertos-awan/pico-sdk/lib/tinyusb/src/device/usbd.c.obj
 .bss._usbd_mutex
                0x2000165c        0x4 CMakeFiles/freertos_raspberry_pico.dir/E_/freertos-awan/pico-sdk/lib/tinyusb/src/device/usbd.c.obj
 .bss._usbd_q   0x20001660        0x4 CMakeFiles/freertos_raspberry_pico.dir/E_/freertos-awan/pico-sdk/lib/tinyusb/src/device/usbd.c.obj
 .bss._usbd_qdef_buf
                0x20001664       0xc0 CMakeFiles/freertos_raspberry_pico.dir/E_/freertos-awan/pico-sdk/lib/tinyusb/src/device/usbd.c.obj
                0x20001664                _usbd_qdef_buf
 .bss._vendord_epbuf
                0x20001724       0x80 CMakeFiles/freertos_raspberry_pico.dir/E_/freertos-awan/pico-sdk/lib/tinyusb/src/class/vendor/vendor_device.c.obj
 .bss._vendord_itf
                0x200017a4      0x24c CMakeFiles/freertos_raspberry_pico.dir/E_/freertos-awan/pico-sdk/lib/tinyusb/src/class/vendor/vendor_device.c.obj
 .bss.boot2_copyout
                0x200019f0      0x100 CMakeFiles/freertos_raspberry_pico.dir/E_/freertos-awan/pico-sdk/src/rp2_common/hardware_flash/flash.c.obj
 .bss.chars_available_callback
                0x20001af0        0x4 CMakeFiles/freertos_raspberry_pico.dir/E_/freertos-awan/pico-sdk/src/rp2_common/pico_stdio_uart/stdio_uart.c.obj
 .bss.chars_available_callback
                0x20001af4        0x4 CMakeFiles/freertos_raspberry_pico.dir/E_/freertos-awan/pico-sdk/src/rp2_common/pico_stdio_usb/stdio_usb.c.obj
 .bss.chars_available_param
                0x20001af8        0x4 CMakeFiles/freertos_raspberry_pico.dir/E_/freertos-awan/pico-sdk/src/rp2_common/pico_stdio_uart/stdio_uart.c.obj
 .bss.chars_available_param
                0x20001afc        0x4 CMakeFiles/freertos_raspberry_pico.dir/E_/freertos-awan/pico-sdk/src/rp2_common/pico_stdio_usb/stdio_usb.c.obj
 .bss.claimed   0x20001b00        0x4 CMakeFiles/freertos_raspberry_pico.dir/E_/freertos-awan/pico-sdk/src/rp2_common/hardware_sync/sync.c.obj
 .bss.claimed   0x20001b04        0x1 CMakeFiles/freertos_raspberry_pico.dir/E_/freertos-awan/pico-sdk/src/rp2_common/hardware_timer/timer.c.obj
 *fill*         0x20001b05        0x3 
 .bss.configured_freq
                0x20001b08       0x28 CMakeFiles/freertos_raspberry_pico.dir/E_/freertos-awan/pico-sdk/src/rp2_common/hardware_clocks/clocks.c.obj
 .bss.desc_str.0
                0x20001b30       0x28 CMakeFiles/freertos_raspberry_pico.dir/E_/freertos-awan/pico-sdk/src/rp2_common/pico_stdio_usb/stdio_usb_descriptors.c.obj
 .bss.drivers   0x20001b58        0x4 CMakeFiles/freertos_raspberry_pico.dir/E_/freertos-awan/pico-sdk/src/rp2_common/pico_stdio/stdio.c.obj
 .bss.e15_last_sof
                0x20001b5c        0x4 CMakeFiles/freertos_raspberry_pico.dir/E_/freertos-awan/pico-sdk/lib/tinyusb/src/portable/raspberrypi/rp2040/rp2040_usb.c.obj
                0x20001b5c                e15_last_sof
 .bss.filter    0x20001b60        0x4 CMakeFiles/freertos_raspberry_pico.dir/E_/freertos-awan/pico-sdk/src/rp2_common/pico_stdio/stdio.c.obj
 .bss.hw_endpoints
                0x20001b64      0x400 CMakeFiles/freertos_raspberry_pico.dir/E_/freertos-awan/pico-sdk/lib/tinyusb/src/portable/raspberrypi/rp2040/dcd_rp2040.c.obj
 .bss.lazy_vsnprintf
                0x20001f64        0x4 CMakeFiles/freertos_raspberry_pico.dir/E_/freertos-awan/pico-sdk/src/rp2_common/pico_printf/printf.c.obj
 .bss.load_value
                0x20001f68        0x4 CMakeFiles/freertos_raspberry_pico.dir/E_/freertos-awan/pico-sdk/src/rp2_common/hardware_watchdog/watchdog.c.obj
 .bss.next_buffer_ptr
                0x20001f6c        0x4 CMakeFiles/freertos_raspberry_pico.dir/E_/freertos-awan/pico-sdk/lib/tinyusb/src/portable/raspberrypi/rp2040/dcd_rp2040.c.obj
 .bss.object.0  0x20001f70       0x18 C:/PROGRA~2/ARMGNU~1/14EFD8~1.2RE/bin/../lib/gcc/arm-none-eabi/14.2.1/thumb/v6-m/nofp/crtbegin.o
 .bss.one_shot_timer_crit_sec
                0x20001f88        0x8 CMakeFiles/freertos_raspberry_pico.dir/E_/freertos-awan/pico-sdk/src/rp2_common/pico_stdio_usb/stdio_usb.c.obj
 .bss.pools     0x20001f90       0x10 CMakeFiles/freertos_raspberry_pico.dir/E_/freertos-awan/pico-sdk/src/common/pico_time/time.c.obj
 .bss.pxCrossCoreSpinLock
                0x20001fa0        0x4 CMakeFiles/freertos_raspberry_pico.dir/__/lib/FreeRTOS-Kernel/portable/ThirdParty/GCC/RP2040/port.c.obj
 .bss.pxCurrentTCB
                0x20001fa4        0x4 CMakeFiles/freertos_raspberry_pico.dir/__/lib/FreeRTOS-Kernel/tasks.c.obj
                0x20001fa4                pxCurrentTCB
 .bss.pxCurrentTimerList
                0x20001fa8        0x4 CMakeFiles/freertos_raspberry_pico.dir/__/lib/FreeRTOS-Kernel/timers.c.obj
 .bss.pxDelayedTaskList